04-23 16:37:49.756  3568 14300 W MessageQueue: Handler (android.location.LocationManager$GpsStatusListenerTransport$1) {bca2dc4} sending message to a Handler on a dead thread
04-23 16:37:49.756  3568 14300 W MessageQueue: java.lang.IllegalStateException: Handler (android.location.LocationManager$GpsStatusListenerTransport$1) {bca2dc4} sending message to a Handler on a dead thread
04-23 16:37:49.756  3568 14300 W MessageQueue: 	at android.os.MessageQueue.enqueueMessage(MessageQueue.java:543)
04-23 16:37:49.756  3568 14300 W MessageQueue: 	at android.os.Handler.enqueueMessage(Handler.java:631)
04-23 16:37:49.756  3568 14300 W MessageQueue: 	at android.os.Handler.sendMessageAtTime(Handler.java:600)
04-23 16:37:49.756  3568 14300 W MessageQueue: 	at android.os.Handler.sendMessageDelayed(Handler.java:570)
04-23 16:37:49.756  3568 14300 W MessageQueue: 	at android.os.Handler.sendMessage(Handler.java:507)
04-23 16:37:49.756  3568 14300 W MessageQueue: 	at android.location.LocationManager$GpsStatusListenerTransport.onNmeaReceived(LocationManager.java:1477)
04-23 16:37:49.756  3568 14300 W MessageQueue: 	at android.location.IGpsStatusListener$Stub.onTransact(IGpsStatusListener.java:97)
04-23 16:37:49.756  3568 14300 W MessageQueue: 	at android.os.Binder.execTransact(Binder.java:453)
04-23 16:37:49.758  3568 14300 W MessageQueue: Handler (android.location.LocationManager$GpsStatusListenerTransport$1) {bca2dc4} sending message to a Handler on a dead thread
04-23 16:37:49.758  3568 14300 W MessageQueue: java.lang.IllegalStateException: Handler (android.location.LocationManager$GpsStatusListenerTransport$1) {bca2dc4} sending message to a Handler on a dead thread
04-23 16:37:49.758  3568 14300 W MessageQueue: 	at android.os.MessageQueue.enqueueMessage(MessageQueue.java:543)
04-23 16:37:49.758  3568 14300 W MessageQueue: 	at android.os.Handler.enqueueMessage(Handler.java:631)
04-23 16:37:49.758  3568 14300 W MessageQueue: 	at android.os.Handler.sendMessageAtTime(Handler.java:600)
04-23 16:37:49.758  3568 14300 W MessageQueue: 	at android.os.Handler.sendMessageDelayed(Handler.java:570)
04-23 16:37:49.758  3568 14300 W MessageQueue: 	at android.os.Handler.sendMessage(Handler.java:507)
04-23 16:37:49.758  3568 14300 W MessageQueue: 	at android.location.LocationManager$GpsStatusListenerTransport.onNmeaReceived(LocationManager.java:1477)
04-23 16:37:49.758  3568 14300 W MessageQueue: 	at android.location.IGpsStatusListener$Stub.onTransact(IGpsStatusListener.java:97)
04-23 16:37:49.758  3568 14300 W MessageQueue: 	at android.os.Binder.execTransact(Binder.java:453)
04-23 16:37:49.760  3568 14300 W MessageQueue: Handler (android.location.LocationManager$GpsStatusListenerTransport$1) {bca2dc4} sending message to a Handler on a dead thread
04-23 16:37:49.760  3568 14300 W MessageQueue: java.lang.IllegalStateException: Handler (android.location.LocationManager$GpsStatusListenerTransport$1) {bca2dc4} sending message to a Handler on a dead thread
04-23 16:37:49.760  3568 14300 W MessageQueue: 	at android.os.MessageQueue.enqueueMessage(MessageQueue.java:543)
04-23 16:37:49.760  3568 14300 W MessageQueue: 	at android.os.Handler.enqueueMessage(Handler.java:631)
04-23 16:37:49.760  3568 14300 W MessageQueue: 	at android.os.Handler.sendMessageAtTime(Handler.java:600)
04-23 16:37:49.760  3568 14300 W MessageQueue: 	at android.os.Handler.sendMessageDelayed(Handler.java:570)
04-23 16:37:49.760  3568 14300 W MessageQueue: 	at android.os.Handler.sendMessage(Handler.java:507)
04-23 16:37:49.760  3568 14300 W MessageQueue: 	at android.location.LocationManager$GpsStatusListenerTransport.onNmeaReceived(LocationManager.java:1477)
04-23 16:37:49.760  3568 14300 W MessageQueue: 	at android.location.IGpsStatusListener$Stub.onTransact(IGpsStatusListener.java:97)
04-23 16:37:49.760  3568 14300 W MessageQueue: 	at android.os.Binder.execTransact(Binder.java:453)
04-23 16:37:49.776  3568  3578 W MessageQueue: Handler (android.location.LocationManager$GpsStatusListenerTransport$1) {bca2dc4} sending message to a Handler on a dead thread
04-23 16:37:49.776  3568  3578 W MessageQueue: java.lang.IllegalStateException: Handler (android.location.LocationManager$GpsStatusListenerTransport$1) {bca2dc4} sending message to a Handler on a dead thread
04-23 16:37:49.776  3568  3578 W MessageQueue: 	at android.os.MessageQueue.enqueueMessage(MessageQueue.java:543)
04-23 16:37:49.776  3568  3578 W MessageQueue: 	at android.os.Handler.enqueueMessage(Handler.java:631)
04-23 16:37:49.776  3568  3578 W MessageQueue: 	at android.os.Handler.sendMessageAtTime(Handler.java:600)
04-23 16:37:49.776  3568  3578 W MessageQueue: 	at android.os.Handler.sendMessageDelayed(Handler.java:570)
04-23 16:37:49.776  3568  3578 W MessageQueue: 	at android.os.Handler.sendMessage(Handler.java:507)
04-23 16:37:49.776  3568  3578 W MessageQueue: 	at android.location.LocationManager$GpsStatusListenerTransport.onNmeaReceived(LocationManager.java:1477)
04-23 16:37:49.776  3568  3578 W MessageQueue: 	at android.location.IGpsStatusListener$Stub.onTransact(IGpsStatusListener.java:97)
04-23 16:37:49.776  3568  3578 W MessageQueue: 	at android.os.Binder.execTransact(Binder.java:453)
04-23 16:37:49.777  3568 21825 W MessageQueue: Handler (android.location.LocationManager$GpsStatusListenerTransport$1) {b75eba6} sending message to a Handler on a dead thread
04-23 16:37:49.777  3568 21825 W MessageQueue: java.lang.IllegalStateException: Handler (android.location.LocationManager$GpsStatusListenerTransport$1) {b75eba6} sending message to a Handler on a dead thread
04-23 16:37:49.777  3568 21825 W MessageQueue: 	at android.os.MessageQueue.enqueueMessage(MessageQueue.java:543)
04-23 16:37:49.777  3568 21825 W MessageQueue: 	at android.os.Handler.enqueueMessage(Handler.java:631)
04-23 16:37:49.777  3568 21825 W MessageQueue: 	at android.os.Handler.sendMessageAtTime(Handler.java:600)
04-23 16:37:49.777  3568 21825 W MessageQueue: 	at android.os.Handler.sendMessageDelayed(Handler.java:570)
04-23 16:37:49.777  3568 21825 W MessageQueue: 	at android.os.Handler.sendMessage(Handler.java:507)
04-23 16:37:49.777  3568 21825 W MessageQueue: 	at android.location.LocationManager$GpsStatusListenerTransport.onFirstFix(LocationManager.java:1447)
04-23 16:37:49.777  3568 21825 W MessageQueue: 	at android.location.IGpsStatusListener$Stub.onTransact(IGpsStatusListener.java:65)
04-23 16:37:49.777  3568 21825 W MessageQueue: 	at android.os.Binder.execTransact(Binder.java:453)
04-23 16:37:49.778  3568  3578 W MessageQueue: Handler (android.location.LocationManager$GpsStatusListenerTransport$1) {bca2dc4} sending message to a Handler on a dead thread
04-23 16:37:49.778  3568  3578 W MessageQueue: java.lang.IllegalStateException: Handler (android.location.LocationManager$GpsStatusListenerTransport$1) {bca2dc4} sending message to a Handler on a dead thread
04-23 16:37:49.778  3568  3578 W MessageQueue: 	at android.os.MessageQueue.enqueueMessage(MessageQueue.java:543)
04-23 16:37:49.778  3568  3578 W MessageQueue: 	at android.os.Handler.enqueueMessage(Handler.java:631)
04-23 16:37:49.778  3568  3578 W MessageQueue: 	at android.os.Handler.sendMessageAtTime(Handler.java:600)
04-23 16:37:49.778  3568  3578 W MessageQueue: 	at android.os.Handler.sendMessageDelayed(Handler.java:570)
04-23 16:37:49.778  3568  3578 W MessageQueue: 	at android.os.Handler.sendMessage(Handler.java:507)
04-23 16:37:49.778  3568  3578 W MessageQueue: 	at android.location.LocationManager$GpsStatusListenerTransport.onNmeaReceived(LocationManager.java:1477)
04-23 16:37:49.778  3568  3578 W MessageQueue: 	at android.location.IGpsStatusListener$Stub.onTransact(IGpsStatusListener.java:97)
04-23 16:37:49.778  3568  3578 W MessageQueue: 	at android.os.Binder.execTransact(Binder.java:453)
04-23 16:37:49.779  3568  3578 W MessageQueue: Handler (android.location.LocationManager$GpsStatusListenerTransport$1) {bca2dc4} sending message to a Handler on a dead thread
04-23 16:37:49.779  3568  3578 W MessageQueue: java.lang.IllegalStateException: Handler (android.location.LocationManager$GpsStatusListenerTransport$1) {bca2dc4} sending message to a Handler on a dead thread
04-23 16:37:49.779  3568  3578 W MessageQueue: 	at android.os.MessageQueue.enqueueMessage(MessageQueue.java:543)
04-23 16:37:49.779  3568  3578 W MessageQueue: 	at android.os.Handler.enqueueMessage(Handler.java:631)
04-23 16:37:49.779  3568  3578 W MessageQueue: 	at android.os.Handler.sendMessageAtTime(Handler.java:600)
04-23 16:37:49.779  3568  3578 W MessageQueue: 	at android.os.Handler.sendMessageDelayed(Handler.java:570)
04-23 16:37:49.779  3568  3578 W MessageQueue: 	at android.os.Handler.sendMessage(Handler.java:507)
04-23 16:37:49.779  3568  3578 W MessageQueue: 	at android.location.LocationManager$GpsStatusListenerTransport.onNmeaReceived(LocationManager.java:1477)
04-23 16:37:49.779  3568  3578 W MessageQueue: 	at android.location.IGpsStatusListener$Stub.onTransact(IGpsStatusListener.java:97)
04-23 16:37:49.779  3568  3578 W MessageQueue: 	at android.os.Binder.execTransact(Binder.java:453)
04-23 16:37:49.780  3568  3578 W MessageQueue: Handler (android.location.LocationManager$GpsStatusListenerTransport$1) {bca2dc4} sending message to a Handler on a dead thread
04-23 16:37:49.780  3568  3578 W MessageQueue: java.lang.IllegalStateException: Handler (android.location.LocationManager$GpsStatusListenerTransport$1) {bca2dc4} sending message to a Handler on a dead thread
04-23 16:37:49.780  3568  3578 W MessageQueue: 	at android.os.MessageQueue.enqueueMessage(MessageQueue.java:543)
04-23 16:37:49.780  3568  3578 W MessageQueue: 	at android.os.Handler.enqueueMessage(Handler.java:631)
04-23 16:37:49.780  3568  3578 W MessageQueue: 	at android.os.Handler.sendMessageAtTime(Handler.java:600)
04-23 16:37:49.780  3568  3578 W MessageQueue: 	at android.os.Handler.sendMessageDelayed(Handler.java:570)
04-23 16:37:49.780  3568  3578 W MessageQueue: 	at android.os.Handler.sendMessage(Handler.java:507)
04-23 16:37:49.780  3568  3578 W MessageQueue: 	at android.location.LocationManager$GpsStatusListenerTransport.onNmeaReceived(LocationManager.java:1477)
04-23 16:37:49.780  3568  3578 W MessageQueue: 	at android.location.IGpsStatusListener$Stub.onTransact(IGpsStatusListener.java:97)
04-23 16:37:49.780  3568  3578 W MessageQueue: 	at android.os.Binder.execTransact(Binder.java:453)
04-23 16:37:49.808  3379  8319 W ctxmgr  : [AclManager]No 2 for (accnt=account#1600744357#, com.google.android.gms(10016):UserLocationProducer, vrsn=10298000, 0, 3pPkg = null ,  3pMdlId = null). Was: 2 for 1, account#1600744357#
04-23 16:37:49.810  3379  8319 W ctxmgr  : [AclManager]No 2 for (accnt=account#-1443883033#, com.google.android.gms(10016):UserLocationProducer, vrsn=10298000, 0, 3pPkg = null ,  3pMdlId = null). Was: 2 for 1, account#-1443883033#
04-23 16:37:50.083  1172  3242 I PowerManagerService: Waking up from dozing (uid 10030)...
04-23 16:37:50.084  1172  1172 V KeyguardServiceDelegate: onStartedWakingUp()
04-23 16:37:50.086  1172  1172 V AlarmManager: sending alarm {cebc0a4 type 3 *alarm*:send_events}
04-23 16:37:50.093  1172  2806 I DreamManagerService: Leaving dreamland.
04-23 16:37:50.094  1172  1189 I DreamController: Stopping dream: name=ComponentInfo{com.motorola.motodisplay/com.motorola.motodisplay.DozeService}, isTest=false, canDoze=true, userId=0
04-23 16:37:50.095  1172  1195 V KeyguardServiceDelegate: onScreenTurnedOn(showListener = com.android.server.policy.PhoneWindowManager$2@68ad6f8)
04-23 16:37:50.104  1172  1172 V AlarmManager: done {cebc0a4, *alarm*:send_events} [18ms]
04-23 16:37:50.107  1172  1195 E MotoSensors: Sensorhub hal setdelay: 6 - 250000000
04-23 16:37:50.107  1172  1195 E MotoSensors: Sensorhub hal enable: 6 - 1
04-23 16:37:50.109  1172  1192 I DisplayManagerService: Display device changed state: "Built-in Screen", ON
04-23 16:37:50.113   409   409 D SurfaceFlinger: Set power mode=2, type=0 flinger=0x7fa1a03c00
04-23 16:37:50.114   409   409 D qdhwcomposer: hwc_setPowerMode: Setting mode 2 on display: 0
04-23 16:37:50.125 14048 11787 I EventLogSendingHelper: Sending log events.
04-23 16:37:50.127  2956  2956 V MD.QuickDrawLib: ENTER nativeEnableBreathing(false)
04-23 16:37:50.130  1172  3242 V KeyguardServiceDelegate: **** SHOWN CALLED ****
04-23 16:37:50.155  6700  7161 V ConnectivityManager: isActiveNetworkMetered() returns:false
04-23 16:37:50.161   439  3565 D audio_hw_primary: adev_set_parameters: enter: screen_state=on
04-23 16:37:50.162   439  3565 D audio_hw_fm: audio_extn_fm_set_parameters: Inside
04-23 16:37:50.162   439  3565 V audio_hw_fm: audio_extn_fm_set_parameters: enter
04-23 16:37:50.162   439  3565 V audio_hw_fm: audio_extn_fm_set_parameters: exit
04-23 16:37:50.162   439  3565 E bt_a2dp_hw: adev_set_parameters: ERROR: set param called even when stream out is null
04-23 16:37:50.162   439  3565 D mot_vr_audio_hw: adev_set_parameters: screen_state=on
04-23 16:37:50.162  2941  2941 D wpa_supplicant: wlan0: Control interface command 'SET pno 0'
04-23 16:37:50.162  2941  2941 D wpa_supplicant: CTRL_IFACE SET 'pno'='0'
04-23 16:37:50.162  1172  2699 D WifiStateMachine: startDelayedScan send -> 368 milli 500
04-23 16:37:50.162  1172  2699 D WifiStateMachine: backgroundScan enabled=false
04-23 16:37:50.162  1172  2699 D WifiStateMachine: handleScreenStateChanged Exit: true
04-23 16:37:50.167  2941  2941 D wpa_supplicant: wlan0: Control interface command 'SIGNAL_POLL'
04-23 16:37:50.168  3167  3167 D NativeNfcManager: power state=3
04-23 16:37:50.176  1172  2699 D WifiStateMachine: setSuspendOptimizationsNative: 4 false -want true stack:setSuspendOptimizationsNative - -wrap61 - processMessage - processMsg
04-23 16:37:50.176  1172  2699 E native  : do suspend false
04-23 16:37:50.176  2941  2941 D wpa_supplicant: wlan0: Control interface command 'DRIVER SETSUSPENDMODE 0'
04-23 16:37:50.180  1172  2699 D WifiConfigStore: No blacklist allowed without epno enabled
04-23 16:37:50.181  2941  2941 D wpa_supplicant: wlan0: Control interface command 'SIGNAL_POLL'
04-23 16:37:50.184  2941  2941 D wpa_supplicant: wlan0: Control interface command 'PKTCNT_POLL'
04-23 16:37:50.199  2788  2788 V QSTileView: setDual true
04-23 16:37:50.199  2788  2788 V QSTileView: setDual true
04-23 16:37:50.200  2788  2788 V QSTileView: setDual false
04-23 16:37:50.200  2788  2788 V QSTileView: setDual false
04-23 16:37:50.200  2788  2788 V QSTileView: setDual false
04-23 16:37:50.200  2788  2788 V QSTileView: setDual false
04-23 16:37:50.200  2788  2788 V QSTileView: setDual false
04-23 16:37:50.200  2788  2788 V QSTileView: setDual false
04-23 16:37:50.200  2788  2788 V QSTileView: setDual false
04-23 16:37:50.200  2788  2788 V QSTileView: setDual false
04-23 16:37:50.200  2788  2788 V QSTileView: setDual false
04-23 16:37:50.200  2788  2788 V QSTileView: setDual true
04-23 16:37:50.201  2788  2788 V QSTileView: setDual true
04-23 16:37:50.201  2788  2788 V QSTileView: setDual false
04-23 16:37:50.201  2788  2788 V QSTileView: setDual false
04-23 16:37:50.201  2788  2788 V QSTileView: setDual false
04-23 16:37:50.201  2788  2788 V QSTileView: setDual false
04-23 16:37:50.201  2788  2788 V QSTileView: setDual false
04-23 16:37:50.201  2788  2788 V QSTileView: setDual false
04-23 16:37:50.201  2788  2788 V QSTileView: setDual false
04-23 16:37:50.201  2788  2788 V QSTileView: setDual false
04-23 16:37:50.201  2788  2788 V QSTileView: setDual false
04-23 16:37:50.203  3167  3350 E BrcmNfcNfa: nfa_ee_api_remove_aid The AID entry is not in the database
04-23 16:37:50.204  3167  3350 E BrcmNfcNfa: nfa_ee_api_remove_aid The AID entry is not in the database
04-23 16:37:50.204  3167  3350 E BrcmNfcNfa: nfa_ee_api_remove_aid The AID entry is not in the database
04-23 16:37:50.204  3167  3350 E BrcmNfcNfa: nfa_ee_api_remove_aid The AID entry is not in the database
04-23 16:37:50.205  3167  3350 E BrcmNfcNfa: nfa_ee_api_remove_aid The AID entry is not in the database
04-23 16:37:50.205  3167  3350 E BrcmNfcNfa: nfa_ee_api_remove_aid The AID entry is not in the database
04-23 16:37:50.205  3167  3350 E BrcmNfcNfa: nfa_ee_api_remove_aid The AID entry is not in the database
04-23 16:37:50.205  3167  3350 E BrcmNfcNfa: nfa_ee_api_remove_aid The AID entry is not in the database
04-23 16:37:50.205  3167  3350 E BrcmNfcNfa: nfa_ee_api_remove_aid The AID entry is not in the database
04-23 16:37:50.205  3167  3350 E BrcmNfcNfa: nfa_ee_api_remove_aid The AID entry is not in the database
04-23 16:37:50.205  3167  3350 E BrcmNfcNfa: nfa_ee_api_remove_aid The AID entry is not in the database
04-23 16:37:50.205  3167  3350 E BrcmNfcNfa: nfa_ee_api_remove_aid The AID entry is not in the database
04-23 16:37:50.205  3167  3350 E BrcmNfcNfa: nfa_ee_api_remove_aid The AID entry is not in the database
04-23 16:37:50.205  3167  3350 E BrcmNfcNfa: nfa_ee_api_remove_aid The AID entry is not in the database
04-23 16:37:50.206  3167  3350 E BrcmNfcNfa: nfa_ee_api_remove_aid The AID entry is not in the database
04-23 16:37:50.206  3167  3350 E BrcmNfcNfa: nfa_ee_api_remove_aid The AID entry is not in the database
04-23 16:37:50.206  3167  3350 E BrcmNfcNfa: nfa_ee_api_remove_aid The AID entry is not in the database
04-23 16:37:50.206  3167  3350 E BrcmNfcNfa: nfa_ee_api_remove_aid The AID entry is not in the database
04-23 16:37:50.206  3167  3350 E BrcmNfcNfa: nfa_ee_api_remove_aid The AID entry is not in the database
04-23 16:37:50.206  3167  3350 E BrcmNfcNfa: nfa_ee_api_remove_aid The AID entry is not in the database
04-23 16:37:50.206  3167  3350 E BrcmNfcNfa: nfa_ee_api_remove_aid The AID entry is not in the database
04-23 16:37:50.206  3167  3350 E BrcmNfcNfa: nfa_ee_api_remove_aid The AID entry is not in the database
04-23 16:37:50.206  3167  3350 E BrcmNfcNfa: nfa_ee_api_remove_aid The AID entry is not in the database
04-23 16:37:50.207  3167  3350 E BrcmNfcNfa: nfa_ee_api_remove_aid The AID entry is not in the database
04-23 16:37:50.207  3167  3350 E BrcmNfcNfa: nfa_ee_api_remove_aid The AID entry is not in the database
04-23 16:37:50.281   409   826 I qdhwcomposer: handle_blank_event: dpy:0 panel power state: 1
04-23 16:37:50.281   409   409 D qdhwcomposer: hwc_setPowerMode: Done setting mode 2 on display 0
04-23 16:37:50.281   409   824 I qdhwcomposer: dcabc_loop: OFF -> UI
04-23 16:37:50.281   409   824 I qdhwcomposer: dcabc_loop: Done updating UI mode
04-23 16:37:50.285  1172  2728 D SurfaceControl: Excessive delay in setPowerMode(): 176ms
04-23 16:37:50.287  1172  1195 V KeyguardServiceDelegate: onScreenTurnedOn()
04-23 16:37:50.298   409   830 I SFPerfTracer:      triggers: (rate: 0:38) (5178578 sw vsyncs) (0 skipped) (0:406777 vsyncs) (1337:5586260)
04-23 16:37:50.313  1172  3060 D Wiper_jni: wifiRequestEventCb invoked
04-23 16:37:50.314  1172  6884 D LBSSystemMonitorService: handleMessage what - 2
04-23 16:37:50.338  3568 21826 W MessageQueue: Handler (android.location.LocationManager$GpsStatusListenerTransport$1) {b75eba6} sending message to a Handler on a dead thread
04-23 16:37:50.338  3568 21826 W MessageQueue: java.lang.IllegalStateException: Handler (android.location.LocationManager$GpsStatusListenerTransport$1) {b75eba6} sending message to a Handler on a dead thread
04-23 16:37:50.338  3568 21826 W MessageQueue: 	at android.os.MessageQueue.enqueueMessage(MessageQueue.java:543)
04-23 16:37:50.338  3568 21826 W MessageQueue: 	at android.os.Handler.enqueueMessage(Handler.java:631)
04-23 16:37:50.338  3568 21826 W MessageQueue: 	at android.os.Handler.sendMessageAtTime(Handler.java:600)
04-23 16:37:50.338  3568 21826 W MessageQueue: 	at android.os.Handler.sendMessageDelayed(Handler.java:570)
04-23 16:37:50.338  3568 21826 W MessageQueue: 	at android.os.Handler.sendMessage(Handler.java:507)
04-23 16:37:50.338  3568 21826 W MessageQueue: 	at android.location.LocationManager$GpsStatusListenerTransport.onGpsStopped(LocationManager.java:1437)
04-23 16:37:50.338  3568 21826 W MessageQueue: 	at android.location.IGpsStatusListener$Stub.onTransact(IGpsStatusListener.java:57)
04-23 16:37:50.338  3568 21826 W MessageQueue: 	at android.os.Binder.execTransact(Binder.java:453)
04-23 16:37:50.353  1172 10600 D WifiService: releaseWifiLockLocked: WifiLock{NlpWifiLock type=2 binder=android.os.BinderProxy@d66d520}
04-23 16:37:50.362  1172  3060 W ContextImpl: Calling a method in the system process without a qualified user: android.app.ContextImpl.sendBroadcast:778 com.android.server.location.GpsLocationProvider.reportStatus:1908 <bottom of call stack> <bottom of call stack> <bottom of call stack> 
04-23 16:37:50.368  3379  3388 I art     : Background partial concurrent mark sweep GC freed 66143(4MB) AllocSpace objects, 38(760KB) LOS objects, 30% free, 35MB/51MB, paused 5.362ms total 112.321ms
04-23 16:37:50.379  1172  2672 D MotoSensors: ALS 44
04-23 16:37:50.390  1172  2806 E MotoSensors: Sensorhub hal setdelay: 16 - 66667000
04-23 16:37:50.390  1172  2806 E MotoSensors: Sensorhub hal enable: 16 - 1
04-23 16:37:50.418  1172 10600 W ActivityManager: Permission Denial: Accessing service ComponentInfo{com.google.android.music/com.google.android.music.dial.DialMediaRouteProviderService} from pid=3944, uid=10016 that is not exported from uid 10090
04-23 16:37:50.423  3944  3944 I CastMediaRouteProvider: in onDiscoveryRequestChanged: request=DiscoveryRequest{ selector=MediaRouteSelector{ controlCategories=[com.google.android.gms.cast.CATEGORY_CAST/7A6D1924, com.google.android.gms.cast.CATEGORY_CAST//urn:x-cast:com.google.cast.media] }, activeScan=false, isValid=true }
04-23 16:37:50.437  3944  3944 I DeviceScanner: [MDNS] Screen is ON
04-23 16:37:50.439  3944  3944 I DeviceScanner: [CastNearby] Screen is ON
04-23 16:37:50.441  3944 29914 I DeviceScanner: [MDNS] Filter criteria: 7A6D1924,%urn:x-cast:com.google.cast.media
04-23 16:37:50.442  3944 29914 I DeviceScanner: [MDNS] updateScannerState: No filter criteria was added.
04-23 16:37:50.442  3944 29914 I DeviceScanner: [MDNS] updateScannerState: No filter criteria was removed.
04-23 16:37:50.444  8006  8006 D BackgroundProcessingService: onStartCommand action = android.intent.action.SCREEN_ON, Screen off =  false, Power connected = true
04-23 16:37:50.448  3379  3388 I art     : Background partial concurrent mark sweep GC freed 8133(1530KB) AllocSpace objects, 20(400KB) LOS objects, 31% free, 35MB/51MB, paused 8.571ms total 75.744ms
04-23 16:37:50.454  8006  8006 D BackgroundProcessingService: stopBackgroundJobs
04-23 16:37:50.468 11324 11792 I PA_Application: setScreenStatus(true)
04-23 16:37:50.496  3944 29914 W MdnsClient_Cast: #acquireLock. Multicast lock not held. Acquiring. Subtypes:"%9E5E7C8F47989526C9BCD95D24084F6F0B27C5ED,7A6D1924"
04-23 16:37:50.498  2941  2941 D wpa_supplicant: wlan0: Control interface command 'DRIVER RXFILTER-STOP'
04-23 16:37:50.498  2941  2941 D wpa_supplicant: wpa_driver_configure_mcast_bcast_filter: Entered FILTER code with cmd --RXFILTER-STOP--
04-23 16:37:50.498  2941  2941 D wpa_supplicant: ----> Filter Init <----
04-23 16:37:50.498  2941  2941 D wpa_supplicant: ----> skipping INIT -- already done <----
04-23 16:37:50.498  2941  2941 D wpa_supplicant: wpa_driver_configure_mcast_bcast_filter: Recv'd RXFILTER-STOP
04-23 16:37:50.498  2941  2941 I wpa_supplicant: ----------> RAM FILTER CONFIG <---------
04-23 16:37:50.498  2941  2941 I wpa_supplicant: ----------> Index 0 - filter_set = 1
04-23 16:37:50.498  2941  2941 I wpa_supplicant: ----------> Index 1 - filter_set = 0
04-23 16:37:50.498  2941  2941 I wpa_supplicant: ----------> Index 2 - filter_set = 0
04-23 16:37:50.498  2941  2941 I wpa_supplicant: ----------> Index 3 - filter_set = 0
04-23 16:37:50.498  2941  2941 I wpa_supplicant: ----------> Index 4 - filter_set = 1
04-23 16:37:50.498  2941  2941 D wpa_supplicant: wpa_driver_configure_mcast_bcast_filter: Calling driver to clear filter set
04-23 16:37:50.498  2941  2941 D wpa_supplicant: driver_modify_filter: ----> Calling driver to clear filter 4
04-23 16:37:50.498  2941  2941 D wpa_supplicant: wpa_driver_configure_mcast_bcast_filter: LEAVING FILTER code ret = 0
04-23 16:37:50.498  2941  2941 D wpa_supplicant: wpa_driver_nl80211_driver_cmd: RXFILTER option succeeded
04-23 16:37:50.502  2941  2941 D wpa_supplicant: wlan0: Control interface command 'DRIVER RXFILTER-ADD 2'
04-23 16:37:50.502  2941  2941 D wpa_supplicant: wpa_driver_configure_mcast_bcast_filter: Entered FILTER code with cmd --RXFILTER-ADD 2--
04-23 16:37:50.502  2941  2941 D wpa_supplicant: ----> Filter Init <----
04-23 16:37:50.502  2941  2941 D wpa_supplicant: ----> skipping INIT -- already done <----
04-23 16:37:50.502  2941  2941 I wpa_supplicant: ----------> RAM FILTER CONFIG <---------
04-23 16:37:50.502  2941  2941 I wpa_supplicant: ----------> Index 0 - filter_set = 1
04-23 16:37:50.502  2941  2941 I wpa_supplicant: ----------> Index 1 - filter_set = 0
04-23 16:37:50.502  2941  2941 I wpa_supplicant: ----------> Index 2 - filter_set = 1
04-23 16:37:50.502  2941  2941 I wpa_supplicant: ----------> Index 3 - filter_set = 0
04-23 16:37:50.502  2941  2941 I wpa_supplicant: ----------> Index 4 - filter_set = 1
04-23 16:37:50.502  2941  2941 D wpa_supplicant: wpa_driver_configure_mcast_bcast_filter: LEAVING FILTER code ret = 0
04-23 16:37:50.502  2941  2941 D wpa_supplicant: wpa_driver_nl80211_driver_cmd: RXFILTER option succeeded
04-23 16:37:50.504  2941  2941 D wpa_supplicant: wlan0: Control interface command 'DRIVER RXFILTER-START'
04-23 16:37:50.504  2941  2941 D wpa_supplicant: wpa_driver_configure_mcast_bcast_filter: Entered FILTER code with cmd --RXFILTER-START--
04-23 16:37:50.504  2941  2941 D wpa_supplicant: ----> Filter Init <----
04-23 16:37:50.504  2941  2941 D wpa_supplicant: ----> skipping INIT -- already done <----
04-23 16:37:50.504  2941  2941 D wpa_supplicant: wpa_driver_configure_mcast_bcast_filter: Recv'd RXFILTER-START
04-23 16:37:50.504  2941  2941 I wpa_supplicant: ----------> RAM FILTER CONFIG <---------
04-23 16:37:50.504  2941  2941 I wpa_supplicant: ----------> Index 0 - filter_set = 1
04-23 16:37:50.504  2941  2941 I wpa_supplicant: ----------> Index 1 - filter_set = 0
04-23 16:37:50.504  2941  2941 I wpa_supplicant: ----------> Index 2 - filter_set = 1
04-23 16:37:50.504  2941  2941 I wpa_supplicant: ----------> Index 3 - filter_set = 0
04-23 16:37:50.504  2941  2941 I wpa_supplicant: ----------> Index 4 - filter_set = 1
04-23 16:37:50.504  2941  2941 D wpa_supplicant: wpa_driver_configure_mcast_bcast_filter: MCASTV6 Filter - Configuring for MANDATORY
04-23 16:37:50.504  2941  2941 D wpa_supplicant: wpa_driver_configure_mcast_bcast_filter: Calling driver to update filter set enable index 2
04-23 16:37:50.504  2941  2941 D wpa_supplicant: driver_modify_filter: ----> Calling driver to add filter 2
04-23 16:37:50.504  2941  2941 D wpa_supplicant: wpa_driver_configure_mcast_bcast_filter: Calling driver to update filter set enable index 4
04-23 16:37:50.504  2941  2941 D wpa_supplicant: driver_modify_filter: ----> Calling driver to add filter 4
04-23 16:37:50.504  2941  2941 D wpa_supplicant: wpa_driver_configure_mcast_bcast_filter: LEAVING FILTER code ret = 0
04-23 16:37:50.505  2941  2941 D wpa_supplicant: wpa_driver_nl80211_driver_cmd: RXFILTER option succeeded
04-23 16:37:50.505  2941  2941 D wpa_supplicant: wlan0: Control interface command 'DRIVER RXFILTER-STOP'
04-23 16:37:50.505  2941  2941 D wpa_supplicant: wpa_driver_configure_mcast_bcast_filter: Entered FILTER code with cmd --RXFILTER-STOP--
04-23 16:37:50.505  2941  2941 D wpa_supplicant: ----> Filter Init <----
04-23 16:37:50.505  2941  2941 D wpa_supplicant: ----> skipping INIT -- already done <----
04-23 16:37:50.505  2941  2941 D wpa_supplicant: wpa_driver_configure_mcast_bcast_filter: Recv'd RXFILTER-STOP
04-23 16:37:50.505  2941  2941 I wpa_supplicant: ----------> RAM FILTER CONFIG <---------
04-23 16:37:50.505  2941  2941 I wpa_supplicant: ----------> Index 0 - filter_set = 1
04-23 16:37:50.505  2941  2941 I wpa_supplicant: ----------> Index 1 - filter_set = 0
04-23 16:37:50.506  2941  2941 I wpa_supplicant: ----------> Index 2 - filter_set = 1
04-23 16:37:50.506  2941  2941 I wpa_supplicant: ----------> Index 3 - filter_set = 0
04-23 16:37:50.506  2941  2941 I wpa_supplicant: ----------> Index 4 - filter_set = 1
04-23 16:37:50.506  2941  2941 D wpa_supplicant: wpa_driver_configure_mcast_bcast_filter: Calling driver to clear filter set
04-23 16:37:50.506  2941  2941 D wpa_supplicant: driver_modify_filter: ----> Calling driver to clear filter 2
04-23 16:37:50.506  2941  2941 D wpa_supplicant: wpa_driver_configure_mcast_bcast_filter: Calling driver to clear filter set
04-23 16:37:50.506  2941  2941 D wpa_supplicant: driver_modify_filter: ----> Calling driver to clear filter 4
04-23 16:37:50.506  2941  2941 D wpa_supplicant: wpa_driver_configure_mcast_bcast_filter: LEAVING FILTER code ret = 0
04-23 16:37:50.506  2941  2941 D wpa_supplicant: wpa_driver_nl80211_driver_cmd: RXFILTER option succeeded
04-23 16:37:50.507  1172  1181 I art     : Background partial concurrent mark sweep GC freed 57945(3MB) AllocSpace objects, 12(424KB) LOS objects, 22% free, 54MB/70MB, paused 1.392ms total 179.444ms
04-23 16:37:50.507  2941  2941 D wpa_supplicant: wlan0: Control interface command 'DRIVER RXFILTER-ADD 1'
04-23 16:37:50.507  2941  2941 D wpa_supplicant: wpa_driver_configure_mcast_bcast_filter: Entered FILTER code with cmd --RXFILTER-ADD 1--
04-23 16:37:50.507  2941  2941 D wpa_supplicant: ----> Filter Init <----
04-23 16:37:50.507  2941  2941 D wpa_supplicant: ----> skipping INIT -- already done <----
04-23 16:37:50.507  2941  2941 I wpa_supplicant: ----------> RAM FILTER CONFIG <---------
04-23 16:37:50.507  2941  2941 I wpa_supplicant: ----------> Index 0 - filter_set = 1
04-23 16:37:50.507  2941  2941 I wpa_supplicant: ----------> Index 1 - filter_set = 1
04-23 16:37:50.507  2941  2941 I wpa_supplicant: ----------> Index 2 - filter_set = 1
04-23 16:37:50.507  2941  2941 I wpa_supplicant: ----------> Index 3 - filter_set = 0
04-23 16:37:50.507  2941  2941 I wpa_supplicant: ----------> Index 4 - filter_set = 1
04-23 16:37:50.507  2941  2941 D wpa_supplicant: wpa_driver_configure_mcast_bcast_filter: LEAVING FILTER code ret = 0
04-23 16:37:50.507  2941  2941 D wpa_supplicant: wpa_driver_nl80211_driver_cmd: RXFILTER option succeeded
04-23 16:37:50.507  2941  2941 D wpa_supplicant: wlan0: Control interface command 'DRIVER RXFILTER-START'
04-23 16:37:50.507  2941  2941 D wpa_supplicant: wpa_driver_configure_mcast_bcast_filter: Entered FILTER code with cmd --RXFILTER-START--
04-23 16:37:50.507  2941  2941 D wpa_supplicant: ----> Filter Init <----
04-23 16:37:50.507  2941  2941 D wpa_supplicant: ----> skipping INIT -- already done <----
04-23 16:37:50.507  2941  2941 D wpa_supplicant: wpa_driver_configure_mcast_bcast_filter: Recv'd RXFILTER-START
04-23 16:37:50.507  2941  2941 I wpa_supplicant: ----------> RAM FILTER CONFIG <---------
04-23 16:37:50.507  2941  2941 I wpa_supplicant: ----------> Index 0 - filter_set = 1
04-23 16:37:50.507  2941  2941 I wpa_supplicant: ----------> Index 1 - filter_set = 1
04-23 16:37:50.507  2941  2941 I wpa_supplicant: ----------> Index 2 - filter_set = 1
04-23 16:37:50.507  2941  2941 I wpa_supplicant: ----------> Index 3 - filter_set = 0
04-23 16:37:50.507  2941  2941 I wpa_supplicant: ----------> Index 4 - filter_set = 1
04-23 16:37:50.507  2941  2941 D wpa_supplicant: wpa_driver_configure_mcast_bcast_filter: MCASTV6 Filter - Configuring for MANDATORY
04-23 16:37:50.507  2941  2941 D wpa_supplicant: wpa_driver_configure_mcast_bcast_filter: Calling driver to update filter set enable index 1
04-23 16:37:50.507  2941  2941 D wpa_supplicant: driver_modify_filter: ----> Calling driver to add filter 1
04-23 16:37:50.508  2941  2941 D wpa_supplicant: wpa_driver_configure_mcast_bcast_filter: Calling driver to update filter set enable index 2
04-23 16:37:50.508  2941  2941 D wpa_supplicant: driver_modify_filter: ----> Calling driver to add filter 2
04-23 16:37:50.508  2941  2941 D wpa_supplicant: wpa_driver_configure_mcast_bcast_filter: Calling driver to update filter set enable index 4
04-23 16:37:50.508  2941  2941 D wpa_supplicant: driver_modify_filter: ----> Calling driver to add filter 4
04-23 16:37:50.508  2941  2941 D wpa_supplicant: wpa_driver_configure_mcast_bcast_filter: LEAVING FILTER code ret = 0
04-23 16:37:50.508  2941  2941 D wpa_supplicant: wpa_driver_nl80211_driver_cmd: RXFILTER option succeeded
04-23 16:37:50.509  3944 29914 I DeviceScanner: [CastNearby] Filter criteria: 7A6D1924,%urn:x-cast:com.google.cast.media
04-23 16:37:50.509  3944 29914 I DeviceScanner: [CastNearby] updateScannerState: No filter criteria was added.
04-23 16:37:50.509  3944 29914 I DeviceScanner: [CastNearby] updateScannerState: No filter criteria was removed.
04-23 16:37:50.510  2941  2941 D wpa_supplicant: wlan0: Control interface command 'DRIVER RXFILTER-STOP'
04-23 16:37:50.510  2941  2941 D wpa_supplicant: wpa_driver_configure_mcast_bcast_filter: Entered FILTER code with cmd --RXFILTER-STOP--
04-23 16:37:50.510  2941  2941 D wpa_supplicant: ----> Filter Init <----
04-23 16:37:50.510  2941  2941 D wpa_supplicant: ----> skipping INIT -- already done <----
04-23 16:37:50.510  2941  2941 D wpa_supplicant: wpa_driver_configure_mcast_bcast_filter: Recv'd RXFILTER-STOP
04-23 16:37:50.510  2941  2941 I wpa_supplicant: ----------> RAM FILTER CONFIG <---------
04-23 16:37:50.510  2941  2941 I wpa_supplicant: ----------> Index 0 - filter_set = 1
04-23 16:37:50.510  2941  2941 I wpa_supplicant: ----------> Index 1 - filter_set = 1
04-23 16:37:50.510  2941  2941 I wpa_supplicant: ----------> Index 2 - filter_set = 1
04-23 16:37:50.510  2941  2941 I wpa_supplicant: ----------> Index 3 - filter_set = 0
04-23 16:37:50.510  2941  2941 I wpa_supplicant: ----------> Index 4 - filter_set = 1
04-23 16:37:50.510  2941  2941 D wpa_supplicant: wpa_driver_configure_mcast_bcast_filter: Calling driver to clear filter set
04-23 16:37:50.510  2941  2941 D wpa_supplicant: driver_modify_filter: ----> Calling driver to clear filter 1
04-23 16:37:50.510  2941  2941 D wpa_supplicant: wpa_driver_configure_mcast_bcast_filter: Calling driver to clear filter set
04-23 16:37:50.510  2941  2941 D wpa_supplicant: driver_modify_filter: ----> Calling driver to clear filter 2
04-23 16:37:50.510  2941  2941 D wpa_supplicant: wpa_driver_configure_mcast_bcast_filter: Calling driver to clear filter set
04-23 16:37:50.510  2941  2941 D wpa_supplicant: driver_modify_filter: ----> Calling driver to clear filter 4
04-23 16:37:50.510  2941  2941 D wpa_supplicant: wpa_driver_configure_mcast_bcast_filter: LEAVING FILTER code ret = 0
04-23 16:37:50.510  2941  2941 D wpa_supplicant: wpa_driver_nl80211_driver_cmd: RXFILTER option succeeded
04-23 16:37:50.513  2941  2941 D wpa_supplicant: wlan0: Control interface command 'DRIVER RXFILTER-ADD 3'
04-23 16:37:50.513  2941  2941 D wpa_supplicant: wpa_driver_configure_mcast_bcast_filter: Entered FILTER code with cmd --RXFILTER-ADD 3--
04-23 16:37:50.513  2941  2941 D wpa_supplicant: ----> Filter Init <----
04-23 16:37:50.513  2941  2941 D wpa_supplicant: ----> skipping INIT -- already done <----
04-23 16:37:50.513  2941  2941 D wpa_supplicant: driver_modify_filter: ----> Calling driver to add filter 3
04-23 16:37:50.513  2941  2941 D wpa_supplicant: driver_modify_filter, sending ioctl for MCASTV6
04-23 16:37:50.513  2941  2941 I wpa_supplicant: ----------> RAM FILTER CONFIG <---------
04-23 16:37:50.513  2941  2941 I wpa_supplicant: ----------> Index 0 - filter_set = 1
04-23 16:37:50.513  2941  2941 I wpa_supplicant: ----------> Index 1 - filter_set = 1
04-23 16:37:50.513  2941  2941 I wpa_supplicant: ----------> Index 2 - filter_set = 1
04-23 16:37:50.513  2941  2941 I wpa_supplicant: ----------> Index 3 - filter_set = 1
04-23 16:37:50.513  2941  2941 I wpa_supplicant: ----------> Index 4 - filter_set = 1
04-23 16:37:50.513  2941  2941 D wpa_supplicant: wpa_driver_configure_mcast_bcast_filter: LEAVING FILTER code ret = 0
04-23 16:37:50.513  2941  2941 D wpa_supplicant: wpa_driver_nl80211_driver_cmd: RXFILTER option succeeded
04-23 16:37:50.517  2941  2941 D wpa_supplicant: wlan0: Control interface command 'DRIVER RXFILTER-START'
04-23 16:37:50.517  2941  2941 D wpa_supplicant: wpa_driver_configure_mcast_bcast_filter: Entered FILTER code with cmd --RXFILTER-START--
04-23 16:37:50.517  2941  2941 D wpa_supplicant: ----> Filter Init <----
04-23 16:37:50.517  2941  2941 D wpa_supplicant: ----> skipping INIT -- already done <----
04-23 16:37:50.517  2941  2941 D wpa_supplicant: wpa_driver_configure_mcast_bcast_filter: Recv'd RXFILTER-START
04-23 16:37:50.517  2941  2941 I wpa_supplicant: ----------> RAM FILTER CONFIG <---------
04-23 16:37:50.517  2941  2941 I wpa_supplicant: ----------> Index 0 - filter_set = 1
04-23 16:37:50.517  2941  2941 I wpa_supplicant: ----------> Index 1 - filter_set = 1
04-23 16:37:50.517  2941  2941 I wpa_supplicant: ----------> Index 2 - filter_set = 1
04-23 16:37:50.517  2941  2941 I wpa_supplicant: ----------> Index 3 - filter_set = 1
04-23 16:37:50.517  2941  2941 I wpa_supplicant: ----------> Index 4 - filter_set = 1
04-23 16:37:50.517  2941  2941 D wpa_supplicant: wpa_driver_configure_mcast_bcast_filter: MCASTV6 Filter - Configuring for ALLOW ALL
04-23 16:37:50.518  2941  2941 D wpa_supplicant: wpa_driver_configure_mcast_bcast_filter: Calling driver to update filter set enable index 1
04-23 16:37:50.518  2941  2941 D wpa_supplicant: driver_modify_filter: ----> Calling driver to add filter 1
04-23 16:37:50.518  2941  2941 D wpa_supplicant: wpa_driver_configure_mcast_bcast_filter: Calling driver to update filter set enable index 2
04-23 16:37:50.518  2941  2941 D wpa_supplicant: driver_modify_filter: ----> Calling driver to add filter 2
04-23 16:37:50.518  2941  2941 D wpa_supplicant: wpa_driver_configure_mcast_bcast_filter: Calling driver to update filter set enable index 4
04-23 16:37:50.518  2941  2941 D wpa_supplicant: driver_modify_filter: ----> Calling driver to add filter 4
04-23 16:37:50.518  2941  2941 D wpa_supplicant: wpa_driver_configure_mcast_bcast_filter: LEAVING FILTER code ret = 0
04-23 16:37:50.518  2941  2941 D wpa_supplicant: wpa_driver_nl80211_driver_cmd: RXFILTER option succeeded
04-23 16:37:50.519  3379  8319 E ctxmgr  : [ProducerActiveIntervalImpl]addNewAppInterval: already contained:appKey=cdv@71c1b10a,appInterval=cdt@2b4e049,record=cjv{key=cjx{com.google.android.googlequicksearchbox, 10042, account#1845736922#, com.google.android.apps.gsa.staticplugins.proactive.GmsContextManagerClientHelper, 893dbbaf-9d4d-4b07-b90e-101018b0efe0}, t=1492892485160, name=1, lifetime=2, production=null, retention=null, dispatch=1, consumer=cfn@88edeccb-102654512}
04-23 16:37:50.525  1172  2699 D WifiStateMachine: CMD_START_SCAN source 10016 txSuccessRate=0.00 rxSuccessRate=0.00 targetRoamBSSID=any RSSI=-51
04-23 16:37:50.526  2941  2941 D wpa_supplicant: wlan0: Control interface command 'SCAN TYPE=ONLY'
04-23 16:37:50.526  2941  2941 D wpa_supplicant: wlan0: Setting scan request: 0.000000 sec
04-23 16:37:50.526  2941  2941 D wpa_supplicant: wlan0: Starting AP scan for wildcard SSID
04-23 16:37:50.526  2941  2941 D wpa_supplicant: wlan0: Add radio work 'scan'@0x7f96bdc1e0
04-23 16:37:50.526  2941  2941 D wpa_supplicant: wlan0: First radio work item in the queue - schedule start immediately
04-23 16:37:50.526  2941  2941 D wpa_supplicant: wlan0: Starting radio work 'scan'@0x7f96bdc1e0 after 0.000044 second wait
04-23 16:37:50.526  2941  2941 D wpa_supplicant: wlan0: nl80211: scan request
04-23 16:37:50.526  2941  2941 I wpa_supplicant: nl80211: Scan SSID - hexdump(len=0): [NULL]
04-23 16:37:50.526  2941  2941 I wpa_supplicant: nl80211: Scan extra IEs - hexdump(len=7): 7f 05 00 00 0a 02 01
04-23 16:37:50.526  2941  2941 D wpa_supplicant: Scan requested (ret=0) - scan timeout 30 seconds
04-23 16:37:50.526  2941  2941 I wpa_supplicant: nl80211: Event message available
04-23 16:37:50.526  2941  2941 D wpa_supplicant: nl80211: Drv Event 33 (NL80211_CMD_TRIGGER_SCAN) received for wlan0
04-23 16:37:50.526  2941  2941 D wpa_supplicant: wlan0: nl80211: Scan trigger
04-23 16:37:50.526  2941  2941 D wpa_supplicant: wlan0: Event SCAN_STARTED (47) received
04-23 16:37:50.526  2941  2941 D wpa_supplicant: wlan0: Own scan request started a scan in 0.000111 seconds
04-23 16:37:50.527  2941  2941 D wpa_supplicant: CTRL_IFACE monitor sent successfully to /data/misc/cutback/wpa_ctrl_437-2\x00
04-23 16:37:50.527  2941  2941 D wpa_supplicant: CTRL_IFACE monitor sent successfully to /data/misc/wifi/sockets/wpa_ctrl_1172-2\x00
04-23 16:37:50.528  1172  2699 D WifiStateMachine: [1,492,990,670,528 ms] noteScanstart no scan source uid 10016
04-23 16:37:50.664  1172  2699 D WifiStateMachine: CMD_START_SCAN source -2 txSuccessRate=1.50 rxSuccessRate=0.50 targetRoamBSSID=any RSSI=-51
04-23 16:37:50.664  1172  2699 D WifiStateMachine: startDelayedScan send -> 369 milli 20000
04-23 16:37:50.664  1172  2699 D WifiStateMachine: CMD_START_SCAN with age=68782 interval=20000 maxinterval=300000
04-23 16:37:50.664  1172  2699 D WifiStateMachine: CMD_START_SCAN try full band scan age=68782 interval=20000 maxinterval=300000
04-23 16:37:50.664  1172  2699 D WifiStateMachine: CMD_START_SCAN full=true
04-23 16:37:50.664  1172  2699 D WifiStateMachine: CMD_START_SCAN bump interval =30000
04-23 16:37:50.664  2941  2941 D wpa_supplicant: wlan0: Control interface command 'SCAN TYPE=ONLY'
04-23 16:37:50.664  2941  2941 D wpa_supplicant: Pending scan scheduled - reject new request
04-23 16:37:50.738  3379  5842 E ctxmgr  : [AppIntervalImpl]closeInterval: ongoing
04-23 16:37:51.167  2941  2941 D wpa_supplicant: wlan0: Control interface command 'SIGNAL_POLL'
04-23 16:37:51.169  2941  2941 D wpa_supplicant: wlan0: Control interface command 'PKTCNT_POLL'
04-23 16:37:51.228  8450  8531 I Bandwidth: WeatherRequest,361038,WIFI
04-23 16:37:51.311  8450  8531 E Performance: Metric [WeatherForecastRequest - parseForecast] Value [12] (ms)
04-23 16:37:51.447  8450  8531 E Performance: Metric [WeatherForecastRequest - parseForecast - database] Value [117] (ms)
04-23 16:37:51.599  8450  8531 W SyncManager: The last updated time millis for woeid [28297208] was inserted with [1492990671333]
04-23 16:37:51.661  2788  2788 D PhoneStatusBar: disable: < expand ICONS alerts SYSTEM_INFO back HOME RECENT clock SEARCH quick_settings >
04-23 16:37:51.788  2788  2788 D PhoneStatusBar: disable: < expand ICONS alerts SYSTEM_INFO back HOME RECENT clock SEARCH quick_settings >
04-23 16:37:51.998   409   409 I SFPerfTracer:      triggers: (rate: 23:3572) (compose: 3:33) (post: 0:0) (render: 0:99) (101:211451 frames) (102:222045)
04-23 16:37:51.998   409   409 D SFPerfTracer:        layers: (2:11) (FocusedStackFrame (0x7fa1a05800): 0:154)* (com.android.systemui.ImageWallpaper (0x7f9dacdc00): 0:445) (StatusBar (0x7f9db36000): 102:22184) (DimLayer (0x7fa1a07400): 0:98)* (DimLayer (0x7f9dacc000): 0:27)* (NavigationBar (0x7f9db3b400): 0:148)- (com.google.android.gm/com.google.android.gm.ConversationListActivityGmail (0x7f9db37c00): 0:41)- (com.google.android.googlequicksearchbox/com.google.android.launcher.GEL (0x7f9db39800): 3:20)* (ColorFade (0x7f9db37c00): 0:31)- 
04-23 16:37:52.073  8450  8528 I Bandwidth: WeatherAlertRequest,12657,WIFI
04-23 16:37:52.086  8450  8528 E Performance: Metric [ChecksumGenerator - generateChecksum] Value [0] (ms)
04-23 16:37:52.087  8450  8528 E Performance: Metric [ChecksumGenerator - generateChecksum] Value [0] (ms)
04-23 16:37:52.087  8450  8528 E Performance: Metric [ChecksumGenerator - generateChecksum] Value [0] (ms)
04-23 16:37:52.087  8450  8528 E Performance: Metric [ChecksumGenerator - generateChecksum] Value [0] (ms)
04-23 16:37:52.088  8450  8528 E Performance: Metric [ChecksumGenerator - generateChecksum] Value [0] (ms)
04-23 16:37:52.088  8450  8528 E Performance: Metric [ChecksumGenerator - generateChecksum] Value [0] (ms)
04-23 16:37:52.089  8450  8528 E Performance: Metric [ChecksumGenerator - generateChecksum] Value [0] (ms)
04-23 16:37:52.089  8450  8528 E Performance: Metric [ChecksumGenerator - generateChecksum] Value [0] (ms)
04-23 16:37:52.090  8450  8528 E Performance: Metric [ChecksumGenerator - generateChecksum] Value [0] (ms)
04-23 16:37:52.090  8450  8528 E Performance: Metric [WeatherAlertRequest - doInBackground] Value [14] (ms)
04-23 16:37:52.094  1172  1181 I art     : Background partial concurrent mark sweep GC freed 9958(569KB) AllocSpace objects, 0(0B) LOS objects, 22% free, 54MB/70MB, paused 1.410ms total 176.963ms
04-23 16:37:52.168  2941  2941 D wpa_supplicant: wlan0: Control interface command 'SIGNAL_POLL'
04-23 16:37:52.170  2941  2941 D wpa_supplicant: wlan0: Control interface command 'PKTCNT_POLL'
04-23 16:37:52.892   443   443 I keystore: calling unlock when not locked, ignoring.
04-23 16:37:52.897  2788  2788 D KeyguardViewMediator: keyguardDone(true, true)
04-23 16:37:52.898  2788  2788 D KeyguardViewMediator: handleKeyguardDone(true, true)
04-23 16:37:52.898  2788  2788 D KeyguardViewMediator: in handleHide(), mShowing = true mOccluded = false  mHideAnimationRun = false
04-23 16:37:52.898  2788  2788 D KeyguardSecurityView: startPreHideAnimation(com.android.systemui.keyguard.KeyguardViewMediator$5@f0226f0);  mCurrentSecuritySelection = Pattern
04-23 16:37:53.142  2788  2788 D KeyguardViewMediator: Call PhoneWindowManager's keyguardGoingAway, expect PhoneWindowManager to call startKeyguardExitAnimation
04-23 16:37:53.171  2941  2941 D wpa_supplicant: wlan0: Control interface command 'SIGNAL_POLL'
04-23 16:37:53.176  2941  2941 D wpa_supplicant: wlan0: Control interface command 'PKTCNT_POLL'
04-23 16:37:53.185  2941  2941 D wpa_supplicant: wlan0: Control interface command 'SIGNAL_POLL'
04-23 16:37:53.203  2788  2788 D KeyguardViewMediator: handleStartKeyguardExitAnimation(117940045, 400)
04-23 16:37:53.207  2788  2788 D PhoneStatusBar: disable: < expand icons* alerts system_info* back HOME RECENT clock SEARCH quick_settings >
04-23 16:37:53.208  2788  3402 D MotoNetwCtrlr: onReceive: intent=Intent { act=android.net.wifi.RSSI_CHANGED flg=0x4000010 (has extras) }
04-23 16:37:53.209  2788  3402 I MotoNetwCtrlr.MotoWifiSignalCtrlr: handleBroadcast: Entered: Intent=Intent { act=android.net.wifi.RSSI_CHANGED flg=0x4000010 (has extras) } Action=android.net.wifi.RSSI_CHANGED
04-23 16:37:53.229  2788  2788 D PhoneStatusBar: disable: < expand icons alerts system_info back HOME RECENT clock SEARCH quick_settings >
04-23 16:37:53.234  3167  3167 D NativeNfcManager: power state=4
04-23 16:37:53.282  3167  3350 E BrcmNfcJni: nfaConnectionCallback: unknown event ????
04-23 16:37:53.284  3379  3379 I Coffee-PlaceTrustlet: User Present broadcast receiver action: android.intent.action.USER_PRESENT
04-23 16:37:53.286  2788  2788 D PhoneStatusBar: disable: < expand icons alerts system_info back home* recent* clock search* quick_settings >
04-23 16:37:53.296  3379  3379 I Coffee-HomeAddressChangeTracker: User Present. Maybe fetch home.
04-23 16:37:53.296  1172  1183 I AccountManagerService: getTypesVisibleToCaller: isPermitted? true
04-23 16:37:53.297  3379  3379 I Coffee-HomeAddressChangeTracker: fetch for account mrcbyau@gmail.com
04-23 16:37:53.300  2788  2788 V QSTileView: setDual true
04-23 16:37:53.300  2788  2788 V QSTileView: setDual true
04-23 16:37:53.300  2788  2788 V QSTileView: setDual false
04-23 16:37:53.300  2788  2788 V QSTileView: setDual false
04-23 16:37:53.300  2788  2788 V QSTileView: setDual false
04-23 16:37:53.300  2788  2788 V QSTileView: setDual false
04-23 16:37:53.300  2788  2788 V QSTileView: setDual false
04-23 16:37:53.300  2788  2788 V QSTileView: setDual false
04-23 16:37:53.300  2788  2788 V QSTileView: setDual false
04-23 16:37:53.300  2788  2788 V QSTileView: setDual false
04-23 16:37:53.300  2788  2788 V QSTileView: setDual false
04-23 16:37:53.301  2788  2788 V QSTileView: setDual true
04-23 16:37:53.301  2788  2788 V QSTileView: setDual true
04-23 16:37:53.301  2788  2788 V QSTileView: setDual false
04-23 16:37:53.301  2788  2788 V QSTileView: setDual false
04-23 16:37:53.301  2788  2788 V QSTileView: setDual false
04-23 16:37:53.301  2788  2788 V QSTileView: setDual false
04-23 16:37:53.301  2788  2788 V QSTileView: setDual false
04-23 16:37:53.301  2788  2788 V QSTileView: setDual false
04-23 16:37:53.301  2788  2788 V QSTileView: setDual false
04-23 16:37:53.301  2788  2788 V QSTileView: setDual false
04-23 16:37:53.301  2788  2788 V QSTileView: setDual false
04-23 16:37:53.302  3379  3379 I Coffee-HomeFetcher: return existing home address!
04-23 16:37:53.303  3379  3379 I Coffee-HomeAddressChangeTracker: home address is not changed.
04-23 16:37:53.303  3379  3379 I Coffee-HomeAddressChangeTracker: fetch for account liana.and.patrick@gmail.com
04-23 16:37:53.303  3379  3379 I Coffee-HomeFetcher: return existing home address!
04-23 16:37:53.303  3379  3379 I Coffee-HomeAddressChangeTracker: fetch for account patrick.c.yau@gmail.com
04-23 16:37:53.304  3379  3379 I Coffee-HomeFetcher: return existing home address!
04-23 16:37:53.304  3167  3350 E BrcmNfcNfa: nfa_ee_api_remove_aid The AID entry is not in the database
04-23 16:37:53.304  3167  3350 E BrcmNfcNfa: nfa_ee_api_remove_aid The AID entry is not in the database
04-23 16:37:53.304  3167  3350 E BrcmNfcNfa: nfa_ee_api_remove_aid The AID entry is not in the database
04-23 16:37:53.305  3167  3350 E BrcmNfcNfa: nfa_ee_api_remove_aid The AID entry is not in the database
04-23 16:37:53.305  3167  3350 E BrcmNfcNfa: nfa_ee_api_remove_aid The AID entry is not in the database
04-23 16:37:53.305  3167  3350 E BrcmNfcNfa: nfa_ee_api_remove_aid The AID entry is not in the database
04-23 16:37:53.305  3167  3350 E BrcmNfcNfa: nfa_ee_api_remove_aid The AID entry is not in the database
04-23 16:37:53.305  3167  3350 E BrcmNfcNfa: nfa_ee_api_remove_aid The AID entry is not in the database
