04-23 16:37:53.305  3167  3350 E BrcmNfcNfa: nfa_ee_api_remove_aid The AID entry is not in the database
04-23 16:37:53.305  3167  3350 E BrcmNfcNfa: nfa_ee_api_remove_aid The AID entry is not in the database
04-23 16:37:53.305  3167  3350 E BrcmNfcNfa: nfa_ee_api_remove_aid The AID entry is not in the database
04-23 16:37:53.305  3167  3350 E BrcmNfcNfa: nfa_ee_api_remove_aid The AID entry is not in the database
04-23 16:37:53.305  3167  3350 E BrcmNfcNfa: nfa_ee_api_remove_aid The AID entry is not in the database
04-23 16:37:53.306  3167  3350 E BrcmNfcNfa: nfa_ee_api_remove_aid The AID entry is not in the database
04-23 16:37:53.306  3167  3350 E BrcmNfcNfa: nfa_ee_api_remove_aid The AID entry is not in the database
04-23 16:37:53.306  3167  3350 E BrcmNfcNfa: nfa_ee_api_remove_aid The AID entry is not in the database
04-23 16:37:53.306  3167  3350 E BrcmNfcNfa: nfa_ee_api_remove_aid The AID entry is not in the database
04-23 16:37:53.308  3167  3350 E BrcmNfcNfa: nfa_ee_api_remove_aid The AID entry is not in the database
04-23 16:37:53.311  3167  3350 E BrcmNfcNfa: nfa_ee_api_remove_aid The AID entry is not in the database
04-23 16:37:53.311  3167  3350 E BrcmNfcNfa: nfa_ee_api_remove_aid The AID entry is not in the database
04-23 16:37:53.311  3167  3350 E BrcmNfcNfa: nfa_ee_api_remove_aid The AID entry is not in the database
04-23 16:37:53.311  3167  3350 E BrcmNfcNfa: nfa_ee_api_remove_aid The AID entry is not in the database
04-23 16:37:53.311  3167  3350 E BrcmNfcNfa: nfa_ee_api_remove_aid The AID entry is not in the database
04-23 16:37:53.311  3167  3350 E BrcmNfcNfa: nfa_ee_api_remove_aid The AID entry is not in the database
04-23 16:37:53.312  3167  3350 E BrcmNfcNfa: nfa_ee_api_remove_aid The AID entry is not in the database
04-23 16:37:53.397  1172  2806 I ActivityManager: Start proc 11841:com.dianping.v1:pushservice/u0a200 for broadcast com.dianping.v1/com.igexin.sdk.PushReceiver
04-23 16:37:53.398  3944 11838 I Authzen : [DeviceStateSyncManager] The server is in sync with current state. Nothing to do
04-23 16:37:53.436  1172  3189 W InputMethodManagerService: Window already focused, ignoring focus gain of: com.android.internal.view.IInputMethodClient$Stub$Proxy@ccfb315 attribute=android.view.inputmethod.EditorInfo@43dd62a, token = android.os.BinderProxy@b75c2d0
04-23 16:37:53.580 11841 11841 E linker  : readlink('') failed: No such file or directory [fd=15]
04-23 16:37:53.580 11841 11841 E linker  : warning: unable to get realpath for the library "/data/dalvik-cache/arm/system@framework@com.google.android.maps.jar@classes.dex". Will use given name.
04-23 16:37:53.593 11841 11841 E linker  : readlink('') failed: No such file or directory [fd=15]
04-23 16:37:53.593 11841 11841 E linker  : warning: unable to get realpath for the library "/data/app/com.dianping.v1-1/oat/arm/base.odex". Will use given name.
04-23 16:37:53.727  2788  2788 V QSTileView: setDual true
04-23 16:37:53.727  2788  2788 V QSTileView: setDual true
04-23 16:37:53.727  2788  2788 V QSTileView: setDual false
04-23 16:37:53.727  2788  2788 V QSTileView: setDual false
04-23 16:37:53.728  2788  2788 V QSTileView: setDual false
04-23 16:37:53.728  2788  2788 V QSTileView: setDual false
04-23 16:37:53.728  2788  2788 V QSTileView: setDual false
04-23 16:37:53.728  2788  2788 V QSTileView: setDual false
04-23 16:37:53.728  2788  2788 V QSTileView: setDual false
04-23 16:37:53.728  2788  2788 V QSTileView: setDual false
04-23 16:37:53.728  2788  2788 V QSTileView: setDual false
04-23 16:37:53.740 14048  5625 I AttachedClient: Adding client event 2 to pending list.
04-23 16:37:53.740 14048  5625 I AttachedClient: Adding client event 2 to pending list.
04-23 16:37:53.767 14048 14048 I OptInState: There is a new client and it does not support opt-in. Dropping request.
04-23 16:37:53.793  6835  6970 D ClClient: Not sending keepalive.  Current connection state=STOPPED
04-23 16:37:53.807  1172  2703 D WifiService: New client listening to asynchronous messages
04-23 16:37:53.822 14048 14048 I MicroDetectionWorker: #updateMicroDetector [currentDetectionMode: [mDetectionMode: [1]]]
04-23 16:37:53.822 14048 14048 I MicroDetectionWorker: #startMicroDetector [speakerMode: 0]
04-23 16:37:53.883 14048  8019 V ConnectivityManager: isActiveNetworkMetered() returns:false
04-23 16:37:53.890 14048  8028 I MicroRecognitionRunner: Starting detection.
04-23 16:37:53.892 14048  8022 I MicrophoneInputStream: mic_starting com.google.android.apps.gsa.speech.audio.ag@6125a1a
04-23 16:37:53.901 14048 14048 I MicroDetectionWorker: onReady
04-23 16:37:53.904   439 11872 I AudioFlinger: AudioFlinger's thread 0xf0a40000 ready to run
04-23 16:37:53.907 14048  8032 V ConnectivityManager: isActiveNetworkMetered() returns:false
04-23 16:37:53.911 14048  8022 I MicrophoneInputStream: mic_started com.google.android.apps.gsa.speech.audio.ag@6125a1a
04-23 16:37:53.912 11841 11841 E linker  : readlink('') failed: No such file or directory [fd=21]
04-23 16:37:53.912 11841 11841 E linker  : warning: unable to get realpath for the library "/data/app/com.dianping.v1-1/lib/arm/libsnare.so". Will use given name.
04-23 16:37:53.920  1172  1191 D BluetoothManagerService: Added callback: android.bluetooth.IBluetoothManagerCallback$Stub$Proxy@54ff783:true
04-23 16:37:53.921   439 11872 D audio_hw_primary: select_devices: out_snd_device(0: none) in_snd_device(70: voice-rec-mic)
04-23 16:37:53.921   439 11872 D msm8974_platform: platform_send_audio_calibration: sending audio calibration for snd_device(70) acdb_id(62)
04-23 16:37:53.921   439 11872 D ACDB-LOADER: ACDB -> send_audio_cal, acdb_id = 62, path =  1
04-23 16:37:53.921   439 11872 D ACDB-LOADER: ACDB -> send_asm_topology
04-23 16:37:53.921   439 11872 D ACDB-LOADER: ACDB -> ACDB_CMD_GET_AUDPROC_STREAM_TOPOLOGY_ID
04-23 16:37:53.921   439 11872 D ACDB-LOADER: ACDB -> send_adm_topology
04-23 16:37:53.921   439 11872 D ACDB-LOADER: ACDB -> ACDB_CMD_GET_AUDPROC_COMMON_TOPOLOGY_ID
04-23 16:37:53.921   439 11872 D ACDB-LOADER: ACDB -> send_audtable
04-23 16:37:53.921   439 11872 D ACDB-LOADER: ACDB -> ACDB_CMD_GET_AUDPROC_COMMON_TABLE
04-23 16:37:53.921   439 11872 D ACDB-LOADER: ACDB -> AUDIO_SET_AUDPROC_CAL
04-23 16:37:53.921   439 11872 D ACDB-LOADER: ACDB -> send_audvoltable
04-23 16:37:53.921   439 11872 D ACDB-LOADER: ACDB -> ACDB_CMD_GET_AUDPROC_GAIN_DEP_STEP_TABLE
04-23 16:37:53.921   439 11872 D         : Failed to fetch the lookup information of the device 0000003E 
04-23 16:37:53.921   439 11872 E ACDB-LOADER: Error: ACDB AudProc vol returned = -19
04-23 16:37:53.921   439 11872 D ACDB-LOADER: ACDB -> AUDIO_SET_AUDPROC_VOL_CAL
04-23 16:37:53.921   439 11872 D ACDB-LOADER: ACDB -> send_afe_cal
04-23 16:37:53.921   439 11872 D ACDB-LOADER: ACDB -> ACDB_CMD_GET_AFE_COMMON_TABLE
04-23 16:37:53.921   439 11872 D         : Failed to fetch the lookup information of the device 0000003E 
04-23 16:37:53.921   439 11872 D ACDB-LOADER: ACDB -> AUDIO_SET_AFE_CAL
04-23 16:37:53.921   439 11872 D ACDB-LOADER: ACDB -> send_hw_delay : acdb_id = 62 path = 1
04-23 16:37:53.921   439 11872 D ACDB-LOADER: ACDB -> ACDB_AVSYNC_INFO: ACDB_CMD_GET_DEVICE_PROPERTY
04-23 16:37:53.921   439 11872 D audio_hw_primary: enable_snd_device: snd_device(70: voice-rec-mic)
04-23 16:37:53.934   439 11872 D audio_hw_primary: enable_audio_route: apply and update mixer path: audio-record
04-23 16:37:53.977   431 11869 D libc    : retrying_select2 timeout
04-23 16:37:53.977   431 11869 D libc    : dns server used:2602:306:32e8:e950::1
04-23 16:37:54.026 14048 14048 I MicroDetectionWorker: onReady
04-23 16:37:54.050 11841 11841 D meituan : snare: _registerOne: com/meituan/android/common/performance/statistics/crash/ExceptionHandler :-1
04-23 16:37:54.051 11841 11841 D meituan : snare: _registerOne: com/meituan/snare/core/JNIExceptionCatcher :0
04-23 16:37:54.051 11841 11841 D meituan : snare: _needCatch /mnt/sdcard/.noNeedCatchTheNative is not in sdcard!
04-23 16:37:54.051 11841 11841 D meituan : _setJNIEnv o = 0xffa309cc, o1 = 0xffa309d0
04-23 16:37:54.051 11841 11873 D meituan : in _handler_setup_global
04-23 16:37:54.051 11841 11873 D meituan : installed global signal handlers
04-23 16:37:54.051 11841 11873 D meituan : installing thread alternative stack
04-23 16:37:54.051 11841 11873 D meituan : installing thread alternative stack
04-23 16:37:54.051 11841 11873 D meituan : installed thread alternative stack
04-23 16:37:54.051 11841 11873 D meituan : after exceptionCatchSetup
04-23 16:37:54.080  3379 11734 W ctxmgr  : [AclManager]No 3 for (accnt=account#-517948760#, com.google.android.googlequicksearchbox(10042):com.google.android.googlequicksearchbox, vrsn=10298000, 1, 3pPkg = null ,  3pMdlId = null). Was: 3 for 6, account#-517948760#
04-23 16:37:54.122  1172  3242 W BroadcastQueue: Permission Denial: broadcasting Intent { act=android.intent.action.USER_PRESENT flg=0x24000010 } from com.android.systemui (pid=2788, uid=10040) is not exported from uid 10209 due to receiver jp.naver.line.android/.service.push.SystemBroadcastReceiver
04-23 16:37:54.126  3379  5960 I PlaceInferenceEngine: [anon] Setup for configuration 105:[]
04-23 16:37:54.126  3379  5960 I PlaceInferenceEngine: [anon] Active modules after start(): 0
04-23 16:37:54.126  3379 11734 W ctxmgr  : [PlacesProducer]Not handling added production policy type=3
04-23 16:37:54.133 11841 11841 I Process : Sending signal. PID: 11841 SIG: 9
04-23 16:37:54.157  1172  2703 D WifiService: Client connection lost with reason: 4
04-23 16:37:54.157   431  1133 E FrameworkListener: read() failed (Connection reset by peer)
04-23 16:37:54.162  1172  3237 I ActivityManager: Process com.dianping.v1:pushservice (pid 11841) has died
04-23 16:37:54.163  1172  3237 D ActivityManager: cleanUpApplicationRecord -- 11841
04-23 16:37:54.169  2941  2941 D wpa_supplicant: wlan0: Control interface command 'SIGNAL_POLL'
04-23 16:37:54.172  2941  2941 D wpa_supplicant: wlan0: Control interface command 'PKTCNT_POLL'
04-23 16:37:54.229  3379  5960 I Places  : ?: PlacesBleScanner start() with priority 2
04-23 16:37:54.229  3379  5960 I PlaceInferenceEngine: [anon] Setup for configuration 102:[BeaconScoring, CategoryScoring, DistanceScoring, GeoJournalScoring, HomeWorkScoring, HulkPersonaScoring, PopularityScoring, SpotterScoring, TimeBasedScoring, WifiScoring]
04-23 16:37:54.230  3379  5960 I PlaceInferenceEngine: [anon] Active modules after start(): 10
04-23 16:37:54.264   409   409 I SFPerfTracer:      triggers: (rate: 23:3573) (compose: 3:33) (post: 0:0) (render: 0:99) (36:211559 frames) (37:222159)
04-23 16:37:54.264   409   409 D SFPerfTracer:        layers: (4:9) (FocusedStackFrame (0x7fa1a05800): 0:156)* (com.android.systemui.ImageWallpaper (0x7f9dacdc00): 0:446) (StatusBar (0x7f9db36000): 28:22289) (DimLayer (0x7fa1a07400): 0:98)* (DimLayer (0x7f9dacc000): 0:27)* (com.google.android.googlequicksearchbox/com.google.android.launcher.GEL (0x7f9db39800): 27:50) (NavigationBar (0x7f9dad1400): 18:37) 
04-23 16:37:54.270   684   684 I MSM-irqbalance: Decided to move IRQ240 from CPU2 to CPU1
04-23 16:37:54.383  3379 11696 I PlaceInferenceEngine: No beacon scan available - ignoring candidates.
04-23 16:37:54.408  3379  3379 E ctxmgr  : [PlaceFenceHelper]NearbyBuffer is null!
04-23 16:37:54.422  3379 11734 W ctxmgr  : [AclManager]No 2 for (accnt=account#-517948760#, com.google.android.gms(10016):PlacesProducer, vrsn=10298000, 0, 3pPkg = null ,  3pMdlId = null). Was: 3 for 18, account#-517948760#
04-23 16:37:55.173  2941  2941 D wpa_supplicant: wlan0: Control interface command 'SIGNAL_POLL'
04-23 16:37:55.177  2941  2941 D wpa_supplicant: wlan0: Control interface command 'PKTCNT_POLL'
04-23 16:37:55.201   409   830 I SFPerfTracer:      triggers: (rate: 0:38) (5178578 sw vsyncs) (0 skipped) (294:407071 vsyncs) (296:5586556)
04-23 16:37:55.278 14048 14048 I MicroDetector: Keeping mic open: false
04-23 16:37:55.279 14048  8019 I AudioController: internalShutdown
04-23 16:37:55.279 14048  8019 I MicrophoneInputStream: mic_close com.google.android.apps.gsa.speech.audio.ag@6125a1a
04-23 16:37:55.279 14048 24973 I MicroRecognitionRunner: Stopping hotword detection.
04-23 16:37:55.279 14048  8022 E AudioRecord-JNI: Error -4 during AudioRecord native read
04-23 16:37:55.280 14048 10853 I DeviceStateChecker: DeviceStateChecker cancelled
04-23 16:37:55.333   439 11872 D audio_hw_primary: disable_audio_route: reset and update mixer path: audio-record
04-23 16:37:55.335   439 11872 D audio_hw_primary: disable_snd_device: snd_device(70: voice-rec-mic)
04-23 16:37:55.359 14048  8028 I MicroRecognitionRunner: Detection finished
04-23 16:37:55.360  2941  2941 I wpa_supplicant: nl80211: Event message available
04-23 16:37:55.360  2941  2941 D wpa_supplicant: nl80211: Drv Event 34 (NL80211_CMD_NEW_SCAN_RESULTS) received for wlan0
04-23 16:37:55.360  2941  2941 D wpa_supplicant: wlan0: nl80211: New scan results available
04-23 16:37:55.361  2941  2941 D wpa_supplicant: nl80211: Scan included frequencies: 2412 2417 2422 2427 2432 2437 2442 2447 2452 2457 2462 5180 5200 5220 5240 5260 5280 5300 5320 5500 5520 5540 5560 5580 5600 5620 5640 5660 5680 5700 5720 5745 5765 5785 5805 5825
04-23 16:37:55.361  2941  2941 D wpa_supplicant: wlan0: Event SCAN_RESULTS (3) received
04-23 16:37:55.361  2941  2941 D wpa_supplicant: wlan0: Scan completed in 4.834105 seconds
04-23 16:37:55.361  2941  2941 D wpa_supplicant: nl80211: Associated on 2412 MHz
04-23 16:37:55.361  2941  2941 D wpa_supplicant: nl80211: Associated with 38:3b:c8:3d:49:2e
04-23 16:37:55.361  2941  2941 D wpa_supplicant: nl80211: Received scan results (38 BSSes)
04-23 16:37:55.361  2941  2941 D wpa_supplicant: nl80211: Scan results indicate BSS status with 38:3b:c8:3d:49:2e as associated
04-23 16:37:55.361  2941  2941 D wpa_supplicant: wlan0: BSS: Start scan result update 2150
04-23 16:37:55.361  2941  2941 D wpa_supplicant: wlan0: BSS: Add new id 8446 BSSID 7e:b0:66:e9:93:1f SSID ''
04-23 16:37:55.362  2941  2941 D wpa_supplicant: CTRL_IFACE monitor sent successfully to /data/misc/cutback/wpa_ctrl_437-2\x00
04-23 16:37:55.362  2941  2941 D wpa_supplicant: CTRL_IFACE monitor sent successfully to /data/misc/wifi/sockets/wpa_ctrl_1172-2\x00
04-23 16:37:55.362  2941  2941 D wpa_supplicant: wlan0: BSS: Add new id 8447 BSSID 5c:b0:66:e9:93:1e SSID 'Guntur takies'
04-23 16:37:55.362  2941  2941 D wpa_supplicant: CTRL_IFACE monitor sent successfully to /data/misc/cutback/wpa_ctrl_437-2\x00
04-23 16:37:55.362  2941  2941 D wpa_supplicant: CTRL_IFACE monitor sent successfully to /data/misc/wifi/sockets/wpa_ctrl_1172-2\x00
04-23 16:37:55.362  2941  2941 D wpa_supplicant: wlan0: BSS: Add new id 8448 BSSID c4:04:15:29:84:21 SSID 'drugpimp2'
04-23 16:37:55.362  2941  2941 D wpa_supplicant: CTRL_IFACE monitor sent successfully to /data/misc/cutback/wpa_ctrl_437-2\x00
04-23 16:37:55.362  2941  2941 D wpa_supplicant: CTRL_IFACE monitor sent successfully to /data/misc/wifi/sockets/wpa_ctrl_1172-2\x00
04-23 16:37:55.362  2941  2941 D wpa_supplicant: wlan0: BSS: Add new id 8449 BSSID dc:ef:09:cb:57:cc SSID 'Empyrean-2.4G'
04-23 16:37:55.362  2941  2941 D wpa_supplicant: CTRL_IFACE monitor sent successfully to /data/misc/cutback/wpa_ctrl_437-2\x00
04-23 16:37:55.362  2941  2941 D wpa_supplicant: CTRL_IFACE monitor sent successfully to /data/misc/wifi/sockets/wpa_ctrl_1172-2\x00
04-23 16:37:55.362  2941  2941 D wpa_supplicant: wlan0: BSS: Add new id 8450 BSSID 6c:70:9f:e6:5e:ec SSID 'starazagora'
04-23 16:37:55.362  2941  2941 D wpa_supplicant: CTRL_IFACE monitor sent successfully to /data/misc/cutback/wpa_ctrl_437-2\x00
04-23 16:37:55.362  2941  2941 D wpa_supplicant: CTRL_IFACE monitor sent successfully to /data/misc/wifi/sockets/wpa_ctrl_1172-2\x00
04-23 16:37:55.362  2941  2941 D wpa_supplicant: wlan0: BSS: Add new id 8451 BSSID 6e:b0:66:e9:2f:84 SSID 'xfinitywifi'
04-23 16:37:55.362  2941  2941 D wpa_supplicant: CTRL_IFACE monitor sent successfully to /data/misc/cutback/wpa_ctrl_437-2\x00
04-23 16:37:55.362  2941  2941 D wpa_supplicant: CTRL_IFACE monitor sent successfully to /data/misc/wifi/sockets/wpa_ctrl_1172-2\x00
04-23 16:37:55.362  2941  2941 D wpa_supplicant: BSS: last_scan_res_used=38/64
04-23 16:37:55.362  2941  2941 D wpa_supplicant: wlan0: Scan-only results received
04-23 16:37:55.362  2941  2941 D wpa_supplicant: CTRL_IFACE monitor sent successfully to /data/misc/cutback/wpa_ctrl_437-2\x00
04-23 16:37:55.362  2941  2941 D wpa_supplicant: CTRL_IFACE monitor sent successfully to /data/misc/wifi/sockets/wpa_ctrl_1172-2\x00
04-23 16:37:55.362  2941  2941 D wpa_supplicant: wlan0: Radio work 'scan'@0x7f96bdc1e0 done in 4.836512 seconds
04-23 16:37:55.365  1172  2699 D WifiStateMachine: [1,492,990,675,365 ms] noteScanEnd WorkSource{10016} onTime=0
04-23 16:37:55.365  2941  2941 D wpa_supplicant: wlan0: Control interface command 'BSS RANGE=0- MASK=0x29d87'
04-23 16:37:55.368  2941  2941 D wpa_supplicant: wlan0: Control interface command 'BSS RANGE=8407- MASK=0x29d87'
04-23 16:37:55.370  2941  2941 D wpa_supplicant: wlan0: Control interface command 'BSS RANGE=8412- MASK=0x29d87'
04-23 16:37:55.373  2941  2941 D wpa_supplicant: wlan0: Control interface command 'BSS RANGE=8417- MASK=0x29d87'
04-23 16:37:55.375  2941  2941 D wpa_supplicant: wlan0: Control interface command 'BSS RANGE=8426- MASK=0x29d87'
04-23 16:37:55.377  2941  2941 D wpa_supplicant: wlan0: Control interface command 'BSS RANGE=8440- MASK=0x29d87'
04-23 16:37:55.379  2941  2941 D wpa_supplicant: wlan0: Control interface command 'BSS RANGE=8446- MASK=0x29d87'
04-23 16:37:55.382  2941  2941 D wpa_supplicant: wlan0: Control interface command 'BSS RANGE=8451- MASK=0x29d87'
04-23 16:37:55.390  1172  2699 D WifiStateMachine: wifi setScanResults statecom.android.server.wifi.WifiStateMachine$ConnectedState@5ec603f sup_state=COMPLETED debouncing=false mConnectionRequests=1 selection=<none> mNumScanResultsReturned 40 mScanResults 40
04-23 16:37:55.399  2941  2941 D wpa_supplicant: wlan0: Control interface command 'STATUS-NO_EVENTS'
04-23 16:37:55.399  2941  2941 D wpa_supplicant: EAPOL: EAP Session-Id not available
04-23 16:37:55.415  1172  3242 I AccountManagerService: getTypesVisibleToCaller: isPermitted? true
04-23 16:37:55.420  1172  2806 I AccountManagerService: getTypesVisibleToCaller: isPermitted? true
04-23 16:37:55.435  9910  9910 I Plaso   : [WifiScanReceiver              ]WiFi scan result received
04-23 16:37:55.841  2821  2847 D SLPC    : slpc_poll_loop(): handled 1
04-23 16:37:55.841  2821  2847 D SLPC    : slpc_poll_handle_event(): transition
04-23 16:37:55.841  2821  2847 D SLPC    : slpc_poll_loop(): about to poll...
04-23 16:37:55.841  2821  2847 D sensorhub: sensorhub_poll() polling...
04-23 16:37:55.846  2821  2821 D ModalityService: ModalityListener(): callback onModalityChange() -> 1
04-23 16:37:55.848  1172  7179 D ModalityManager: onStartMovement(), package: android
04-23 16:37:55.848  1172  1172 D MotWifiScanMovementListener: MovementListener onStartMovement
04-23 16:37:55.855  2941  2941 D wpa_supplicant: wlan0: Control interface command 'SCAN_INTERVAL 15'
04-23 16:37:55.855  2941  2941 D wpa_supplicant: wlan0: Setting scan interval: 15 sec
04-23 16:37:56.173  2941  2941 D wpa_supplicant: wlan0: Control interface command 'SIGNAL_POLL'
04-23 16:37:56.181  2941  2941 D wpa_supplicant: wlan0: Control interface command 'PKTCNT_POLL'
04-23 16:37:56.194  2941  2941 D wpa_supplicant: wlan0: Control interface command 'SIGNAL_POLL'
04-23 16:37:56.199  2788  3402 D MotoNetwCtrlr: onReceive: intent=Intent { act=android.net.wifi.RSSI_CHANGED flg=0x4000010 (has extras) }
04-23 16:37:56.199  2788  3402 I MotoNetwCtrlr.MotoWifiSignalCtrlr: handleBroadcast: Entered: Intent=Intent { act=android.net.wifi.RSSI_CHANGED flg=0x4000010 (has extras) } Action=android.net.wifi.RSSI_CHANGED
04-23 16:37:57.176  2941  2941 D wpa_supplicant: wlan0: Control interface command 'SIGNAL_POLL'
04-23 16:37:57.181  2941  2941 D wpa_supplicant: wlan0: Control interface command 'PKTCNT_POLL'
04-23 16:37:58.178  2941  2941 D wpa_supplicant: wlan0: Control interface command 'SIGNAL_POLL'
04-23 16:37:58.182  2941  2941 D wpa_supplicant: wlan0: Control interface command 'PKTCNT_POLL'
04-23 16:37:59.179  2941  2941 D wpa_supplicant: wlan0: Control interface command 'SIGNAL_POLL'
04-23 16:37:59.196  2788  3402 D MotoNetwCtrlr: onReceive: intent=Intent { act=android.net.wifi.RSSI_CHANGED flg=0x4000010 (has extras) }
04-23 16:37:59.197  2788  3402 I MotoNetwCtrlr.MotoWifiSignalCtrlr: handleBroadcast: Entered: Intent=Intent { act=android.net.wifi.RSSI_CHANGED flg=0x4000010 (has extras) } Action=android.net.wifi.RSSI_CHANGED
04-23 16:37:59.197  2941  2941 D wpa_supplicant: wlan0: Control interface command 'PKTCNT_POLL'
04-23 16:37:59.209  2941  2941 D wpa_supplicant: wlan0: Control interface command 'SIGNAL_POLL'
04-23 16:37:59.216  1172 30653 D NetlinkSocketObserver: NeighborEvent{elapsedMs=524400013, 2602:306:32e8:e950::1, [383BC83D492D], RTM_NEWNEIGH, NUD_STALE}
04-23 16:37:59.217  2788  3402 D MotoNetwCtrlr: onReceive: intent=Intent { act=android.net.wifi.RSSI_CHANGED flg=0x4000010 (has extras) }
04-23 16:37:59.218  2788  3402 I MotoNetwCtrlr.MotoWifiSignalCtrlr: handleBroadcast: Entered: Intent=Intent { act=android.net.wifi.RSSI_CHANGED flg=0x4000010 (has extras) } Action=android.net.wifi.RSSI_CHANGED
04-23 16:37:59.238   409   409 I SFPerfTracer:      triggers: (rate: 23:3573) (compose: 3:33) (post: 0:0) (render: 0:99) (33:211677 frames) (34:222283)
04-23 16:37:59.238   409   409 D SFPerfTracer:        layers: (4:9) (FocusedStackFrame (0x7fa1a05800): 0:156)* (com.android.systemui.ImageWallpaper (0x7f9dacdc00): 0:446) (StatusBar (0x7f9db36000): 0:22289) (DimLayer (0x7fa1a07400): 0:98)* (DimLayer (0x7f9dacc000): 0:27)* (com.google.android.googlequicksearchbox/com.google.android.launcher.GEL (0x7f9db39800): 34:174) (NavigationBar (0x7f9dad1400): 0:37) 
04-23 16:37:59.268   684   684 I MSM-irqbalance: Decided to move IRQ115 from CPU2 to CPU1
04-23 16:38:00.000  1172  2689 V AlarmManager: sending alarm {c87748a type 3 *alarm*:android.intent.action.TIME_TICK}
04-23 16:38:00.039 10874 10887 D QcrilMsgTunnelSocket: readRilMessage: Buffer = [B@aa88450 HexData = [010000000404000011000000514f454d484f4f4bef0308000100000003]
04-23 16:38:00.040 10874 10887 D QcrilMsgTunnelSocket: Rcvd UNSOL response with 28 bytes data for SUB0
04-23 16:38:00.040 10874 10887 D QcrilMsgTunnelSocket: Response ID 525295 is not served in this process.
04-23 16:38:00.040 10874 10887 D QcrilMsgTunnelSocket: To broadcast an Intent via the notifier to external apps
04-23 16:38:00.047 10874 10874 D QcrilMsgTunnelIfaceManager: handleMessage what = 0
04-23 16:38:00.113  1172  1172 V AlarmManager: done {c87748a, *alarm*:android.intent.action.TIME_TICK} [114ms]
04-23 16:38:00.182  2941  2941 D wpa_supplicant: wlan0: Control interface command 'SIGNAL_POLL'
04-23 16:38:00.190  2941  2941 D wpa_supplicant: wlan0: Control interface command 'PKTCNT_POLL'
04-23 16:38:00.193  2788  3402 D MotoNetwCtrlr: onReceive: intent=Intent { act=android.net.wifi.RSSI_CHANGED flg=0x4000010 (has extras) }
04-23 16:38:00.195  2788  3402 I MotoNetwCtrlr.MotoWifiSignalCtrlr: handleBroadcast: Entered: Intent=Intent { act=android.net.wifi.RSSI_CHANGED flg=0x4000010 (has extras) } Action=android.net.wifi.RSSI_CHANGED
04-23 16:38:00.287  1172 30653 D NetlinkSocketObserver: NeighborEvent{elapsedMs=524401084, 192.168.1.254, [383BC83D492D], RTM_NEWNEIGH, NUD_STALE}
04-23 16:38:00.935  1172  1184 I ActivityManager: START u0 {act=android.intent.action.MAIN cat=[android.intent.category.LAUNCHER] flg=0x10200000 cmp=com.ionicframework.fashmobile960165/.MainActivity (has extras)} from uid 10042 on display 0
04-23 16:38:00.949   409   830 I SFPerfTracer:      triggers: (rate: 0:38) (5178578 sw vsyncs) (0 skipped) (331:407405 vsyncs) (333:5586895)
04-23 16:38:01.003 11899 11899 I art     : Late-enabling -Xcheck:jni
04-23 16:38:01.005  1172  3224 I ActivityManager: Start proc 11899:com.ionicframework.fashmobile960165/u0a179 for activity com.ionicframework.fashmobile960165/.MainActivity
04-23 16:38:01.010 14048  8022 V ConnectivityManager: isActiveNetworkMetered() returns:false
04-23 16:38:01.110 11899 11899 E linker  : readlink('') failed: No such file or directory [fd=19]
04-23 16:38:01.110 11899 11899 E linker  : warning: unable to get realpath for the library "/data/app/com.ionicframework.fashmobile960165-1/oat/arm64/base.odex". Will use given name.
04-23 16:38:01.113 11899 11899 W System  : ClassLoader referenced unknown path: /data/app/com.ionicframework.fashmobile960165-1/lib/arm64
04-23 16:38:01.131 11899 11899 I CordovaLog: Changing log level to DEBUG(3)
04-23 16:38:01.131 11899 11899 I CordovaActivity: Apache Cordova native platform version 6.1.2 is starting
04-23 16:38:01.131 11899 11899 D CordovaActivity: CordovaActivity.onCreate()
04-23 16:38:01.148 11899 11899 I WebViewFactory: Loading com.google.android.webview version 57.0.2987.132 (code 298713250)
04-23 16:38:01.152 11899 11899 E linker  : readlink('') failed: No such file or directory [fd=20]
04-23 16:38:01.152 11899 11899 E linker  : warning: unable to get realpath for the library "/data/app/com.google.android.webview-1/lib/arm64/libwebviewchromium.so". Will use given name.
04-23 16:38:01.179  2941  2941 D wpa_supplicant: wlan0: Control interface command 'SIGNAL_POLL'
04-23 16:38:01.184  2941  2941 D wpa_supplicant: wlan0: Control interface command 'PKTCNT_POLL'
04-23 16:38:01.205 11899 11899 E linker  : readlink('') failed: No such file or directory [fd=20]
04-23 16:38:01.205 11899 11899 E linker  : warning: unable to get realpath for the library "/data/app/com.google.android.webview-1/oat/arm64/base.odex". Will use given name.
04-23 16:38:01.228 11899 11899 I art     : Rejecting re-init on previously-failed class java.lang.Class<com.android.webview.chromium.TokenBindingManagerAdapter>
04-23 16:38:01.228 11899 11899 I art     : Rejecting re-init on previously-failed class java.lang.Class<com.android.webview.chromium.TokenBindingManagerAdapter>
04-23 16:38:01.234 11899 11899 I art     : Rejecting re-init on previously-failed class java.lang.Class<com.android.webview.chromium.ServiceWorkerControllerAdapter>
04-23 16:38:01.234 11899 11899 I art     : Rejecting re-init on previously-failed class java.lang.Class<com.android.webview.chromium.ServiceWorkerControllerAdapter>
04-23 16:38:01.242 11899 11899 I cr_LibraryLoader: Time to load native libraries: 1 ms (timestamps 8017-8018)
04-23 16:38:01.247 11899 11899 E linker  : readlink('') failed: No such file or directory [fd=21]
04-23 16:38:01.248 11899 11899 E linker  : warning: unable to get realpath for the library "/system/lib64/libwebviewchromium_plat_support.so". Will use given name.
04-23 16:38:01.277 11899 11899 I chromium: [INFO:library_loader_hooks.cc(163)] Chromium logging enabled: level = 0, default verbosity = 0
04-23 16:38:01.277 11899 11899 I cr_LibraryLoader: Expected native library version number "57.0.2987.132", actual native library version number "57.0.2987.132"
04-23 16:38:01.285 11899 11899 I cr_BrowserStartup: Initializing chromium process, singleProcess=true
04-23 16:38:01.306 11899 11899 I Adreno  : QUALCOMM build                   : 02953e5, I64c525f392
04-23 16:38:01.306 11899 11899 I Adreno  : Build Date                       : 10/14/15
04-23 16:38:01.306 11899 11899 I Adreno  : OpenGL ES Shader Compiler Version: XE031.05.13.03
04-23 16:38:01.306 11899 11899 I Adreno  : Local Branch                     : workspace2
04-23 16:38:01.306 11899 11899 I Adreno  : Remote Branch                    : 
04-23 16:38:01.306 11899 11899 I Adreno  : Remote Branch                    : 
04-23 16:38:01.306 11899 11899 I Adreno  : Reconstruct Branch               : 
04-23 16:38:01.316  1172 30653 D NetlinkSocketObserver: NeighborEvent{elapsedMs=524402113, fe80::3a3b:c8ff:fe3d:492d, [383BC83D492D], RTM_NEWNEIGH, NUD_STALE}
04-23 16:38:01.423   408   408 E SELinux : avc:  denied  { find } for service=batteryproperties scontext=u:r:untrusted_app:s0:c512,c768 tcontext=u:object_r:healthd_service:s0 tclass=service_manager
04-23 16:38:01.487 11899 11899 D SystemWebViewEngine: CordovaWebView is running on device made by: motorola
04-23 16:38:01.494 11899 11899 D PluginManager: init()
04-23 16:38:01.616 11899 11936 D OpenGLRenderer: Use EGL_SWAP_BEHAVIOR_PRESERVED: true
04-23 16:38:01.658 11899 11899 D CordovaWebViewImpl: >>> loadUrl(file:///android_asset/www/index.html)
04-23 16:38:01.693 11899 11930 W cr_media: Requires BLUETOOTH permission
04-23 16:38:01.719 11899 11899 D CordovaActivity: Started the activity.
04-23 16:38:01.719 11899 11899 D CordovaActivity: Resumed the activity.
04-23 16:38:01.750 11899 11936 I OpenGLRenderer: Initialized EGL, version 1.4
04-23 16:38:01.853  1172  3227 I WindowManager: Switching to real app window: Window{cebd1f1 u0 com.ionicframework.fashmobile960165/com.ionicframework.fashmobile960165.MainActivity}
04-23 16:38:02.049 11899 11946 E libEGL  : validate_display:255 error 3008 (EGL_BAD_DISPLAY)
04-23 16:38:02.059 11899 11946 E chromium: [ERROR:child_thread_impl.cc(762)] Request for unknown Channel-associated interface: ui::mojom::GpuMain
04-23 16:38:02.110 11899 11946 W VideoCapabilities: Unrecognized profile 2130706433 for video/avc
04-23 16:38:02.122 11899 11946 W VideoCapabilities: Unrecognized profile/level 0/3 for video/mpeg2
04-23 16:38:02.129 11899 11946 W VideoCapabilities: Unrecognized profile/level 0/0 for video/mpeg2
04-23 16:38:02.129 11899 11946 W VideoCapabilities: Unrecognized profile/level 0/2 for video/mpeg2
04-23 16:38:02.129 11899 11946 W VideoCapabilities: Unrecognized profile/level 0/3 for video/mpeg2
04-23 16:38:02.152 11899 11946 I VideoCapabilities: Unsupported profile 4 for video/mp4v-es
04-23 16:38:02.180  2941  2941 D wpa_supplicant: wlan0: Control interface command 'SIGNAL_POLL'
04-23 16:38:02.188  2941  2941 D wpa_supplicant: wlan0: Control interface command 'PKTCNT_POLL'
04-23 16:38:02.188  2788  3402 D MotoNetwCtrlr: onReceive: intent=Intent { act=android.net.wifi.RSSI_CHANGED flg=0x4000010 (has extras) }
04-23 16:38:02.188  2788  3402 I MotoNetwCtrlr.MotoWifiSignalCtrlr: handleBroadcast: Entered: Intent=Intent { act=android.net.wifi.RSSI_CHANGED flg=0x4000010 (has extras) } Action=android.net.wifi.RSSI_CHANGED
04-23 16:38:02.214  2941  2941 D wpa_supplicant: wlan0: Control interface command 'SIGNAL_POLL'
04-23 16:38:02.216  1172  1192 I LaunchCheckinHandler: Displayed com.ionicframework.fashmobile960165/.MainActivity,cp,ca,1232
04-23 16:38:02.216  1172  1192 I ActivityManager: Displayed com.ionicframework.fashmobile960165/.MainActivity: +1s233ms (total +2m57s39ms)
04-23 16:38:02.217  2788  3402 D MotoNetwCtrlr: onReceive: intent=Intent { act=android.net.wifi.RSSI_CHANGED flg=0x4000010 (has extras) }
04-23 16:38:02.217  2788  3402 I MotoNetwCtrlr.MotoWifiSignalCtrlr: handleBroadcast: Entered: Intent=Intent { act=android.net.wifi.RSSI_CHANGED flg=0x4000010 (has extras) } Action=android.net.wifi.RSSI_CHANGED
04-23 16:38:02.248 11899 11899 D CordovaWebViewImpl: onPageDidNavigate(file:///android_asset/www/index.html)
04-23 16:38:02.264 11899 11899 W cr_BindingManager: Cannot call determinedVisibility() - never saw a connection for the pid: 11899
04-23 16:38:02.375 11899 11899 D JsMessageQueue: Set native->JS mode to EvalBridgeMode
04-23 16:38:03.182  2941  2941 D wpa_supplicant: wlan0: Control interface command 'SIGNAL_POLL'
04-23 16:38:03.189  2941  2941 D wpa_supplicant: wlan0: Control interface command 'PKTCNT_POLL'
04-23 16:38:03.192  2788  3402 D MotoNetwCtrlr: onReceive: intent=Intent { act=android.net.wifi.RSSI_CHANGED flg=0x4000010 (has extras) }
04-23 16:38:03.193  2788  3402 I MotoNetwCtrlr.MotoWifiSignalCtrlr: handleBroadcast: Entered: Intent=Intent { act=android.net.wifi.RSSI_CHANGED flg=0x4000010 (has extras) } Action=android.net.wifi.RSSI_CHANGED
04-23 16:38:03.754  1172  7177 I ActivityManager: Process com.google.android.partnersetup (pid 10500) has died
04-23 16:38:03.754  1172  7177 D ActivityManager: cleanUpApplicationRecord -- 10500
04-23 16:38:03.756  1172  3153 I ActivityManager: Process com.bambuna.podcastaddictdonate (pid 11357) has died
04-23 16:38:03.756  1172  3153 D ActivityManager: cleanUpApplicationRecord -- 11357
04-23 16:38:03.767  1172  3153 E JavaBinder: !!! FAILED BINDER TRANSACTION !!!  (parcel size = 76)
04-23 16:38:03.794  6835  6970 D ClClient: Not sending keepalive.  Current connection state=STOPPED
04-23 16:38:03.798  1172  2671 E MotoSensors: Sensorhub hal setdelay: 17 - 66667000
04-23 16:38:03.799  1172  2671 E MotoSensors: Sensorhub hal enable: 16 - 0
04-23 16:38:03.839  1172  1183 D ConnectivityService: ConnectivityService NetworkRequestInfo binderDied(NetworkRequest [ id=349, legacyType=-1, [ Capabilities: INTERNET&NOT_RESTRICTED&TRUSTED] ], android.os.BinderProxy@53023e5)
04-23 16:38:03.839  1172  2704 D ConnectivityService: releasing NetworkRequest NetworkRequest [ id=349, legacyType=-1, [ Capabilities: INTERNET&NOT_RESTRICTED&TRUSTED] ]
04-23 16:38:03.863  1172  2704 E ConnectivityService: RemoteException caught trying to send a callback msg for NetworkRequest [ id=349, legacyType=-1, [ Capabilities: INTERNET&NOT_RESTRICTED&TRUSTED] ]
04-23 16:38:03.869  1172  3189 I ActivityManager: Process com.motorola.camera (pid 7008) has died
04-23 16:38:03.869  1172  3189 D ActivityManager: cleanUpApplicationRecord -- 7008
04-23 16:38:03.869  1172  3189 W ActivityManager: Scheduling restart of crashed service com.motorola.camera/.SensorService in 1000ms
04-23 16:38:03.871  1172  7177 I ActivityManager: Process gbis.gbandroid (pid 11538) has died
04-23 16:38:03.871  1172  7177 D ActivityManager: cleanUpApplicationRecord -- 11538
04-23 16:38:03.893  8640  8640 I cr_BindingManager: onTrimMemory: level=80, size=0
04-23 16:38:04.027 11324 11324 I PA_BitmapLoader: trimMemory()
04-23 16:38:04.030  1172  2672 D MotoSensors: ALS 15
04-23 16:38:04.076 14956 14956 I Finsky  : [1] com.google.android.finsky.utils.cb.onTrimMemory(17): Memory trim requested to level 5
04-23 16:38:04.182  2941  2941 D wpa_supplicant: wlan0: Control interface command 'SIGNAL_POLL'
04-23 16:38:04.185  2941  2941 D wpa_supplicant: wlan0: Control interface command 'PKTCNT_POLL'
04-23 16:38:04.266   684   684 I MSM-irqbalance: Decided to move IRQ65 from CPU2 to CPU3
04-23 16:38:04.422  1172  3227 W InputMethodManagerService: Window already focused, ignoring focus gain of: com.android.internal.view.IInputMethodClient$Stub$Proxy@dc41961 attribute=null, token = android.os.BinderProxy@721abb2
04-23 16:38:04.441   409   409 I SFPerfTracer:      triggers: (rate: 23:3575) (compose: 3:33) (post: 0:0) (render: 0:99) (120:211837 frames) (121:222461)
04-23 16:38:04.441   409   409 D SFPerfTracer:        layers: (5:13) (FocusedStackFrame (0x7fa1a05800): 0:161)* (com.android.systemui.ImageWallpaper (0x7f9dacdc00): 0:447)* (StatusBar (0x7f9db36000): 11:22317) (DimLayer (0x7fa1a07400): 0:98)* (DimLayer (0x7f9dacc000): 0:27)* (com.google.android.googlequicksearchbox/com.google.android.launcher.GEL (0x7f9db39800): 0:182)- (NavigationBar (0x7f9dad1400): 3:50) (Starting com.ionicframework.fashmobile960165 (0x7f9db37c00): 0:37)- (com.ionicframework.fashmobile960165/com.ionicframework.fashmobile960165.MainActivity (0x7f9db3b400): 1:7) (com.ionicframework.fashmobile960165/com.ionicframework.fashmobile960165.MainActivity (0x7f9db39800): 120:135) (com.ionicframework.fashmobile960165/com.ionicframework.fashmobile960165.MainActivity (0x7f9db92000): 2:7) 
04-23 16:38:04.777  3228  3228 I MemoryTrimmer: Trimming objects from memory, since app is in the background.
04-23 16:38:04.782 14048  8019 V ConnectivityManager: isActiveNetworkMetered() returns:false
04-23 16:38:04.792 14048  8022 V ConnectivityManager: isActiveNetworkMetered() returns:false
04-23 16:38:04.807 14048  8022 V ConnectivityManager: isActiveNetworkMetered() returns:false
04-23 16:38:04.812 14048  8024 I PBSessionCacheImpl: Deleted sessionId[14198386604156277] from persistence.
04-23 16:38:04.896  1172  1187 I ActivityManager: Start proc 11998:com.motorola.camera/u0a25 for service com.motorola.camera/.SensorService
04-23 16:38:04.965 11998 11998 E linker  : readlink('') failed: No such file or directory [fd=15]
04-23 16:38:04.965 11998 11998 E linker  : warning: unable to get realpath for the library "/system/framework/oat/arm/com.motorola.camerabgproc.odex". Will use given name.
04-23 16:38:04.967 11998 11998 E linker  : readlink('') failed: No such file or directory [fd=15]
04-23 16:38:04.967 11998 11998 E linker  : warning: unable to get realpath for the library "/system/framework/oat/arm/com.motorola.frameworks.core.addon.odex". Will use given name.
04-23 16:38:04.970 11998 11998 E linker  : readlink('') failed: No such file or directory [fd=15]
04-23 16:38:04.970 11998 11998 E linker  : warning: unable to get realpath for the library "/system/framework/oat/arm/com.motorola.motosignature.odex". Will use given name.
04-23 16:38:04.973 11998 11998 E linker  : readlink('') failed: No such file or directory [fd=15]
04-23 16:38:04.973 11998 11998 E linker  : warning: unable to get realpath for the library "/data/app/com.motorola.camera-1/oat/arm/base.odex". Will use given name.
04-23 16:38:05.097 11998 11998 D MotStorage: emulated
04-23 16:38:05.097 11998 11998 D MotStorage: self
04-23 16:38:05.140 11998 11998 E linker  : readlink('') failed: No such file or directory [fd=17]
04-23 16:38:05.140 11998 11998 E linker  : warning: unable to get realpath for the library "/system/lib/libcamerabgproc-jni.so". Will use given name.
04-23 16:38:05.184  2941  2941 D wpa_supplicant: wlan0: Control interface command 'SIGNAL_POLL'
04-23 16:38:05.188  2941  2941 D wpa_supplicant: wlan0: Control interface command 'PKTCNT_POLL'
04-23 16:38:05.192 11998 11998 W CameraBgProcess: BGPROC Supported
04-23 16:38:05.217  2941  2941 D wpa_supplicant: wlan0: Control interface command 'SIGNAL_POLL'
04-23 16:38:05.221  2788  3402 D MotoNetwCtrlr: onReceive: intent=Intent { act=android.net.wifi.RSSI_CHANGED flg=0x4000010 (has extras) }
04-23 16:38:05.221  2788  3402 I MotoNetwCtrlr.MotoWifiSignalCtrlr: handleBroadcast: Entered: Intent=Intent { act=android.net.wifi.RSSI_CHANGED flg=0x4000010 (has extras) } Action=android.net.wifi.RSSI_CHANGED
04-23 16:38:05.246  1172  2672 D MotoSensors: ALS 68
04-23 16:38:05.250  1172  3224 E MotoSensors: Sensorhub hal setdelay: 16 - 66667000
04-23 16:38:05.250  1172  3224 E MotoSensors: Sensorhub hal enable: 16 - 1
04-23 16:38:06.186  2941  2941 D wpa_supplicant: wlan0: Control interface command 'SIGNAL_POLL'
04-23 16:38:06.191  2941  2941 D wpa_supplicant: wlan0: Control interface command 'PKTCNT_POLL'
04-23 16:38:06.743 11899 11899 D SystemWebChromeClient: file:///android_asset/www/build/main.js: Line 3324 : Angular is running in the development mode. Call enableProdMode() to enable the production mode.
04-23 16:38:06.745 11899 11899 I chromium: [INFO:CONSOLE(3324)] "Angular is running in the development mode. Call enableProdMode() to enable the production mode.", source: file:///android_asset/www/build/main.js (3324)
04-23 16:38:06.913   409   409 I SFPerfTracer:      triggers: (rate: 23:3575) (compose: 3:33) (post: 0:0) (render: 0:100) (33:211885 frames) (34:222514)
04-23 16:38:06.914   409   409 D SFPerfTracer:        layers: (3:11) (FocusedStackFrame (0x7fa1a05800): 1:163)* (com.android.systemui.ImageWallpaper (0x7f9dacdc00): 0:447)* (StatusBar (0x7f9db36000): 20:22337) (DimLayer (0x7fa1a07400): 0:98)* (DimLayer (0x7f9dacc000): 0:27)* (NavigationBar (0x7f9dad1400): 13:63) (com.ionicframework.fashmobile960165/com.ionicframework.fashmobile960165.MainActivity (0x7f9db3b400): 0:21)- (com.ionicframework.fashmobile960165/com.ionicframework.fashmobile960165.MainActivity (0x7f9db39800): 0:145)- (com.ionicframework.fashmobile960165/com.ionicframework.fashmobile960165.MainActivity (0x7f9db92000): 18:26) 
04-23 16:38:07.069 11899 11899 D SystemWebChromeClient: file:///android_asset/www/build/main.js: Line 1364 : ERROR
04-23 16:38:07.070 11899 11899 I chromium: [INFO:CONSOLE(1364)] "ERROR", source: file:///android_asset/www/build/main.js (1364)
04-23 16:38:07.115 11899 11899 D CordovaWebViewImpl: onPageFinished(file:///android_asset/www/index.html)
04-23 16:38:07.117 11899 11899 D SystemWebChromeClient: file:///android_asset/www/build/main.js: Line 110913 : Ionic Native: deviceready event fired after 2810 ms
04-23 16:38:07.117 11899 11899 I chromium: [INFO:CONSOLE(110913)] "Ionic Native: deviceready event fired after 2810 ms", source: file:///android_asset/www/build/main.js (110913)
04-23 16:38:07.118 11899 11955 I App     : WARNING: Back Button Default Behavior will be overridden.  The backbutton event will be fired!
04-23 16:38:07.187  2941  2941 D wpa_supplicant: wlan0: Control interface command 'SIGNAL_POLL'
04-23 16:38:07.192  2941  2941 D wpa_supplicant: wlan0: Control interface command 'PKTCNT_POLL'
04-23 16:38:07.891  1172  2672 D MotoSensors: ALS 54
04-23 16:38:08.017  1172 30653 D NetlinkSocketObserver: NeighborEvent{elapsedMs=524408814, 192.168.1.254, [383BC83D492D], RTM_NEWNEIGH, NUD_STALE}
04-23 16:38:08.189  2941  2941 D wpa_supplicant: wlan0: Control interface command 'SIGNAL_POLL'
04-23 16:38:08.195  2941  2941 D wpa_supplicant: wlan0: Control interface command 'PKTCNT_POLL'
04-23 16:38:08.224  2941  2941 D wpa_supplicant: wlan0: Control interface command 'SIGNAL_POLL'
04-23 16:38:08.234  2788  3402 D MotoNetwCtrlr: onReceive: intent=Intent { act=android.net.wifi.RSSI_CHANGED flg=0x4000010 (has extras) }
04-23 16:38:08.235  2788  3402 I MotoNetwCtrlr.MotoWifiSignalCtrlr: handleBroadcast: Entered: Intent=Intent { act=android.net.wifi.RSSI_CHANGED flg=0x4000010 (has extras) } Action=android.net.wifi.RSSI_CHANGED
04-23 16:38:08.352  1172  2674 D BatteryService: uevent={POWER_SUPPLY_TEMP=250, POWER_SUPPLY_STATUS=Charging, POWER_SUPPLY_CAPACITY=47, ACTION=change, DEVPATH=/devices/soc.0/qpnp-smbcharger-18/power_supply/battery, POWER_SUPPLY_AGE=100, POWER_SUPPLY_VOLTAGE_MAX=4460, SUBSYSTEM=power_supply, POWER_SUPPLY_NUM_SYSTEM_TEMP_LEVELS=12, POWER_SUPPLY_INPUT_CURRENT_MAX=1500000, POWER_SUPPLY_VOLTAGE_MAX_DESIGN=4400000, POWER_SUPPLY_CHARGE_FULL=3034000, POWER_SUPPLY_NAME=battery, POWER_SUPPLY_FLASH_CURRENT_MAX=1989421, POWER_SUPPLY_HEALTH=Good, POWER_SUPPLY_CYCLE_COUNT=1, POWER_SUPPLY_TECHNOLOGY=Li-ion, POWER_SUPPLY_CHARGE_TYPE=Fast, POWER_SUPPLY_CONSTANT_CHARGE_CURRENT_MAX=2000000, POWER_SUPPLY_PRESENT=1, POWER_SUPPLY_TEMP_HOTSPOT=25000, POWER_SUPPLY_INPUT_CURRENT_SETTLED=0, POWER_SUPPLY_SAFETY_TIMER_ENABLED=0, POWER_SUPPLY_VOLTAGE_NOW=3862129, SEQNUM=26271, POWER_SUPPLY_CHARGE_FULL_DESIGN=3034000, POWER_SUPPLY_CURRENT_NOW=-231321, POWER_SUPPLY_CHARGE_COUNTER=602541, POWER_SUPPLY_SYSTEM_TEMP_LEVEL=0, POWER_SUPPLY_CHARGE_RATE=Normal, POWER_SUPPLY_CHARGING_ENABLED=1, POWER_SUPPLY_BATTERY_CHARGING_ENABLED=1}
04-23 16:38:09.191  2941  2941 D wpa_supplicant: wlan0: Control interface command 'SIGNAL_POLL'
04-23 16:38:09.199  2941  2941 D wpa_supplicant: wlan0: Control interface command 'PKTCNT_POLL'
04-23 16:38:09.272   684   684 I MSM-irqbalance: Decided to move IRQ216 from CPU2 to CPU1
04-23 16:38:10.000   409   830 I SFPerfTracer:      triggers: (rate: 0:38) (5178578 sw vsyncs) (0 skipped) (529:407934 vsyncs) (531:5587428)
04-23 16:38:10.010  3379 11696 E ctxmgr  : [ProducerActiveIntervalImpl]closeActiveInterval: Error: ongoing, trying to close
04-23 16:38:10.076  3379  5960 I PlaceInferenceEngine: [anon] Setup for configuration 105:[]
04-23 16:38:10.076  3379  5960 I PlaceInferenceEngine: [anon] Active modules after start(): 0
04-23 16:38:10.135  1172  1181 I art     : Background partial concurrent mark sweep GC freed 54217(3MB) AllocSpace objects, 11(972KB) LOS objects, 22% free, 54MB/70MB, paused 5.089ms total 179.273ms
04-23 16:38:10.192  2941  2941 D wpa_supplicant: wlan0: Control interface command 'SIGNAL_POLL'
04-23 16:38:10.195  2941  2941 D wpa_supplicant: wlan0: Control interface command 'PKTCNT_POLL'
04-23 16:38:10.668  1172  2699 D WifiStateMachine: CMD_START_SCAN source -2 txSuccessRate=5.35 rxSuccessRate=5.73 targetRoamBSSID=any RSSI=-52
04-23 16:38:10.668  1172  2699 D WifiStateMachine: startDelayedScan send -> 370 milli 20000
04-23 16:38:10.669  1172  2699 D WifiStateMachine: CMD_START_SCAN with age=20004 interval=30000 maxinterval=300000
04-23 16:38:10.669  1172  2699 D WifiStateMachine: CMD_START_SCAN full=false
04-23 16:38:10.669  1172  2699 D WifiStateMachine: starting scan for "Astro Boy"WPA_PSK with 2412
04-23 16:38:10.670  2941  2941 D wpa_supplicant: wlan0: Control interface command 'SCAN TYPE=ONLY freq=2412'
04-23 16:38:10.670  2941  2941 D wpa_supplicant: wlan0: Setting scan request: 0.000000 sec
04-23 16:38:10.671  2941  2941 D wpa_supplicant: wlan0: Starting AP scan for wildcard SSID
04-23 16:38:10.671  2941  2941 D wpa_supplicant: wlan0: Limit manual scan to specified channels
04-23 16:38:10.671  2941  2941 D wpa_supplicant: wlan0: Add radio work 'scan'@0x7f96bdc190
04-23 16:38:10.671  2941  2941 D wpa_supplicant: wlan0: First radio work item in the queue - schedule start immediately
04-23 16:38:10.671  2941  2941 D wpa_supplicant: wlan0: Starting radio work 'scan'@0x7f96bdc190 after 0.000137 second wait
04-23 16:38:10.671  2941  2941 D wpa_supplicant: wlan0: nl80211: scan request
04-23 16:38:10.671  2941  2941 I wpa_supplicant: nl80211: Scan SSID - hexdump(len=0): [NULL]
04-23 16:38:10.671  2941  2941 I wpa_supplicant: nl80211: Scan extra IEs - hexdump(len=7): 7f 05 00 00 0a 02 01
04-23 16:38:10.671  2941  2941 I wpa_supplicant: nl80211: Scan frequency 2412 MHz
04-23 16:38:10.672  2941  2941 D wpa_supplicant: Scan requested (ret=0) - scan timeout 30 seconds
04-23 16:38:10.672  2941  2941 I wpa_supplicant: nl80211: Event message available
04-23 16:38:10.672  2941  2941 D wpa_supplicant: nl80211: Drv Event 33 (NL80211_CMD_TRIGGER_SCAN) received for wlan0
04-23 16:38:10.672  2941  2941 D wpa_supplicant: wlan0: nl80211: Scan trigger
04-23 16:38:10.672  2941  2941 D wpa_supplicant: wlan0: Event SCAN_STARTED (47) received
04-23 16:38:10.673  2941  2941 D wpa_supplicant: wlan0: Own scan request started a scan in 0.000457 seconds
04-23 16:38:10.673  2941  2941 D wpa_supplicant: CTRL_IFACE monitor sent successfully to /data/misc/cutback/wpa_ctrl_437-2\x00
04-23 16:38:10.673  2941  2941 D wpa_supplicant: CTRL_IFACE monitor sent successfully to /data/misc/wifi/sockets/wpa_ctrl_1172-2\x00
04-23 16:38:10.675  1172  2699 D WifiStateMachine: [1,492,990,690,674 ms] noteScanstart no scan source uid -2
04-23 16:38:10.821  2941  2941 I wpa_supplicant: nl80211: Event message available
04-23 16:38:10.822  2941  2941 D wpa_supplicant: nl80211: Drv Event 34 (NL80211_CMD_NEW_SCAN_RESULTS) received for wlan0
04-23 16:38:10.822  2941  2941 D wpa_supplicant: wlan0: nl80211: New scan results available
04-23 16:38:10.822  2941  2941 D wpa_supplicant: nl80211: Scan included frequencies: 2412
04-23 16:38:10.822  2941  2941 D wpa_supplicant: wlan0: Event SCAN_RESULTS (3) received
04-23 16:38:10.822  2941  2941 D wpa_supplicant: wlan0: Scan completed in 0.149220 seconds
04-23 16:38:10.822  2941  2941 D wpa_supplicant: nl80211: Associated on 2412 MHz
04-23 16:38:10.822  2941  2941 D wpa_supplicant: nl80211: Associated with 38:3b:c8:3d:49:2e
04-23 16:38:10.824  2941  2941 D wpa_supplicant: nl80211: Received scan results (36 BSSes)
04-23 16:38:10.824  2941  2941 D wpa_supplicant: nl80211: Scan results indicate BSS status with 38:3b:c8:3d:49:2e as associated
04-23 16:38:10.825  2941  2941 D wpa_supplicant: wlan0: BSS: Start scan result update 2151
04-23 16:38:10.826  2941  2941 D wpa_supplicant: BSS: last_scan_res_used=36/64
04-23 16:38:10.827  2941  2941 D wpa_supplicant: wlan0: Scan-only results received
04-23 16:38:10.827  2941  2941 D wpa_supplicant: CTRL_IFACE monitor sent successfully to /data/misc/cutback/wpa_ctrl_437-2\x00
04-23 16:38:10.827  2941  2941 D wpa_supplicant: CTRL_IFACE monitor sent successfully to /data/misc/wifi/sockets/wpa_ctrl_1172-2\x00
04-23 16:38:10.828  2941  2941 D wpa_supplicant: wlan0: Radio work 'scan'@0x7f96bdc190 done in 0.156555 seconds
04-23 16:38:10.838  1172  2699 D WifiStateMachine: [1,492,990,690,838 ms] noteScanEnd no scan source onTime=0
04-23 16:38:10.838  2941  2941 D wpa_supplicant: wlan0: Control interface command 'BSS RANGE=0- MASK=0x29d87'
04-23 16:38:10.848  2941  2941 D wpa_supplicant: wlan0: Control interface command 'BSS RANGE=8407- MASK=0x29d87'
04-23 16:38:10.855  2941  2941 D wpa_supplicant: wlan0: Control interface command 'BSS RANGE=8412- MASK=0x29d87'
04-23 16:38:10.859  2941  2941 D wpa_supplicant: wlan0: Control interface command 'BSS RANGE=8417- MASK=0x29d87'
04-23 16:38:10.863  2941  2941 D wpa_supplicant: wlan0: Control interface command 'BSS RANGE=8426- MASK=0x29d87'
04-23 16:38:10.867  2941  2941 D wpa_supplicant: wlan0: Control interface command 'BSS RANGE=8440- MASK=0x29d87'
04-23 16:38:10.870  2941  2941 D wpa_supplicant: wlan0: Control interface command 'BSS RANGE=8446- MASK=0x29d87'
04-23 16:38:10.874  2941  2941 D wpa_supplicant: wlan0: Control interface command 'BSS RANGE=8451- MASK=0x29d87'
04-23 16:38:10.888  1172  2699 D WifiStateMachine: wifi setScanResults statecom.android.server.wifi.WifiStateMachine$ConnectedState@5ec603f sup_state=COMPLETED debouncing=false mConnectionRequests=1 selection=<none> mNumScanResultsReturned 40 mScanResults 40
04-23 16:38:10.906  2941  2941 D wpa_supplicant: wlan0: Control interface command 'STATUS-NO_EVENTS'
04-23 16:38:10.906  2941  2941 D wpa_supplicant: EAPOL: EAP Session-Id not available
04-23 16:38:11.194  2941  2941 D wpa_supplicant: wlan0: Control interface command 'SIGNAL_POLL'
04-23 16:38:11.201  2941  2941 D wpa_supplicant: wlan0: Control interface command 'PKTCNT_POLL'
04-23 16:38:11.232  2941  2941 D wpa_supplicant: wlan0: Control interface command 'SIGNAL_POLL'
